#
# There is insufficient memory for the Java Runtime Environment to continue.
# Native memory allocation (mmap) failed to map 2097152 bytes. Error detail: G1 virtual space
# Possible reasons:
#   The system is out of physical RAM or swap space
#   This process is running with CompressedOops enabled, and the Java Heap may be blocking the growth of the native heap
# Possible solutions:
#   Reduce memory load on the system
#   Increase physical memory or swap space
#   Check if swap backing store is full
#   Decrease Java heap size (-Xmx/-Xms)
#   Decrease number of Java threads
#   Decrease Java thread stack sizes (-Xss)
#   Set larger code cache with -XX:ReservedCodeCacheSize=
#   JVM is running with Zero Based Compressed Oops mode in which the Java heap is
#     placed in the first 32GB address space. The Java Heap base address is the
#     maximum limit for the native heap growth. Please use -XX:HeapBaseMinAddress
#     to set the Java Heap base and to place the Java Heap above 32GB virtual address.
# This output file may be truncated or incomplete.
#
#  Out of Memory Error (os_windows.cpp:3554), pid=42148, tid=42280
#
# JRE version: Java(TM) SE Runtime Environment (25.0+37) (build 25+37-LTS-3491)
# Java VM: Java HotSpot(TM) 64-Bit Server VM (25+37-LTS-3491, mixed mode, emulated-client, sharing, tiered, compressed oops, compressed class ptrs, g1 gc, windows-amd64)
# No core dump will be written. Minidumps are not enabled by default on client versions of Windows
#

---------------  S U M M A R Y ------------

Command Line: -XX:TieredStopAtLevel=1 -Dspring.output.ansi.enabled=always -Dcom.sun.management.jmxremote -Dspring.jmx.enabled=true -Dspring.liveBeansView.mbeanDomain -Dspring.application.admin.enabled=true -Dmanagement.endpoints.jmx.exposure.include=* -javaagent:C:\Program Files\JetBrains\IntelliJ IDEA 2025.2.1\lib\idea_rt.jar=57644 -Dfile.encoding=UTF-8 -Dsun.stdout.encoding=UTF-8 -Dsun.stderr.encoding=UTF-8 com.tugnw.aistudy.AiStudyHubBeApplication

Host: 11th Gen Intel(R) Core(TM) i7-11800H @ 2.30GHz, 16 cores, 15G,  Windows 11 , 64 bit Build 22621 (10.0.22621.5415)
Time: Thu Jul 23 21:52:35 2026 SE Asia Standard Time elapsed time: 459.982458 seconds (0d 0h 7m 39s)

---------------  T H R E A D  ---------------

Current thread (0x00000292bde36b10):  WorkerThread "GC Thread#10"   [id=42280, stack(0x000000fe11800000,0x000000fe11900000) (1024K)]

Stack: [0x000000fe11800000,0x000000fe11900000]
Native frames: (J=compiled Java code, j=interpreted, Vv=VM code, C=native code)
V  [jvm.dll+0x7a6a39]  (no source info available)
V  [jvm.dll+0x7727ed]  (no source info available)
V  [jvm.dll+0x965f33]  (no source info available)
V  [jvm.dll+0x968531]  (no source info available)
V  [jvm.dll+0x968c33]  (no source info available)
V  [jvm.dll+0x2fc756]  (no source info available)
V  [jvm.dll+0x7a2c65]  (no source info available)
V  [jvm.dll+0x796077]  (no source info available)
V  [jvm.dll+0x3f4698]  (no source info available)
V  [jvm.dll+0x3fc5b6]  (no source info available)
V  [jvm.dll+0x3e8965]  (no source info available)
V  [jvm.dll+0x3e9031]  (no source info available)
V  [jvm.dll+0x3e90ef]  (no source info available)
V  [jvm.dll+0x3c16fc]  (no source info available)
V  [jvm.dll+0x3c144d]  (no source info available)
V  [jvm.dll+0x3ae95b]  (no source info available)
V  [jvm.dll+0x3aed36]  (no source info available)
V  [jvm.dll+0x3af9cb]  (no source info available)
V  [jvm.dll+0x3afe30]  (no source info available)
V  [jvm.dll+0x3af8ad]  (no source info available)
V  [jvm.dll+0x3f65c1]  (no source info available)
V  [jvm.dll+0x3f69c5]  (no source info available)
V  [jvm.dll+0x3f4ca8]  (no source info available)
V  [jvm.dll+0x3f7d88]  (no source info available)
V  [jvm.dll+0x3f408e]  (no source info available)
V  [jvm.dll+0x4052dc]  (no source info available)
V  [jvm.dll+0x29762d]  (no source info available)
V  [jvm.dll+0x3f400b]  (no source info available)
V  [jvm.dll+0x299478]  (no source info available)
V  [jvm.dll+0x40608b]  (no source info available)
V  [jvm.dll+0x405eba]  (no source info available)
V  [jvm.dll+0x40d7c4]  (no source info available)
V  [jvm.dll+0x40db18]  (no source info available)
V  [jvm.dll+0x999971]  (no source info available)
V  [jvm.dll+0x90681d]  (no source info available)
V  [jvm.dll+0x7a5015]  (no source info available)
C  [ucrtbase.dll+0x29333]  (no source info available)
C  [KERNEL32.DLL+0x1259d]  (no source info available)
C  [ntdll.dll+0x5af78]  (no source info available)


---------------  P R O C E S S  ---------------

Threads class SMR info:
_java_thread_list=0x00000292c05f16c0, length=38, elements={
0x00000292b7ea75c0, 0x00000292b7ea7ed0, 0x00000292b7e97a90, 0x00000292b7e98650,
0x00000292b7e9d360, 0x00000292b7e9df20, 0x00000292b7e9ec10, 0x00000292b89b2a70,
0x00000292bd5f31c0, 0x00000292bd5da290, 0x00000292bdbf0350, 0x00000292bdbf9fa0,
0x00000292bdc390e0, 0x00000292be7527c0, 0x00000292be74f8e0, 0x00000292bdcd8330,
0x00000292bf42c500, 0x00000292bf426f10, 0x00000292bf42ccd0, 0x00000292bf429df0,
0x00000292bf427eb0, 0x00000292bf428e50, 0x00000292bf42a5c0, 0x00000292bf42d4a0,
0x00000292bf42b560, 0x00000292b7eace60, 0x00000292c09e80b0, 0x00000292c09e6940,
0x00000292c09e78e0, 0x00000292c09e6170, 0x00000292c0a00f60, 0x00000292c09f9a30,
0x00000292c09fc140, 0x00000292c0a00790, 0x00000292bd893ed0, 0x00000292bd892eb0,
0x00000292bd8936c0, 0x00000292bd894ef0
}

Java Threads: ( => current thread )
  0x00000292b7ea75c0 JavaThread "Reference Handler"          daemon [_thread_blocked, id=42476, stack(0x000000fe0fa00000,0x000000fe0fb00000) (1024K)]
  0x00000292b7ea7ed0 JavaThread "Finalizer"                  daemon [_thread_blocked, id=42032, stack(0x000000fe0fb00000,0x000000fe0fc00000) (1024K)]
  0x00000292b7e97a90 JavaThread "Signal Dispatcher"          daemon [_thread_blocked, id=43000, stack(0x000000fe0fc00000,0x000000fe0fd00000) (1024K)]
  0x00000292b7e98650 JavaThread "Attach Listener"            daemon [_thread_blocked, id=42976, stack(0x000000fe0fd00000,0x000000fe0fe00000) (1024K)]
  0x00000292b7e9d360 JavaThread "Service Thread"             daemon [_thread_blocked, id=42964, stack(0x000000fe0fe00000,0x000000fe0ff00000) (1024K)]
  0x00000292b7e9df20 JavaThread "Monitor Deflation Thread"   daemon [_thread_blocked, id=42944, stack(0x000000fe0ff00000,0x000000fe10000000) (1024K)]
  0x00000292b7e9ec10 JavaThread "C1 CompilerThread0"         daemon [_thread_blocked, id=42968, stack(0x000000fe10000000,0x000000fe10100000) (1024K)]
  0x00000292b89b2a70 JavaThread "Common-Cleaner"             daemon [_thread_blocked, id=41572, stack(0x000000fe10300000,0x000000fe10400000) (1024K)]
  0x00000292bd5f31c0 JavaThread "Monitor Ctrl-Break"         daemon [_thread_in_native, id=42152, stack(0x000000fe10500000,0x000000fe10600000) (1024K)]
  0x00000292bd5da290 JavaThread "Notification Thread"        daemon [_thread_blocked, id=42860, stack(0x000000fe10600000,0x000000fe10700000) (1024K)]
  0x00000292bdbf0350 JavaThread "RMI TCP Accept-0"           daemon [_thread_in_native, id=42192, stack(0x000000fe10900000,0x000000fe10a00000) (1024K)]
  0x00000292bdbf9fa0 JavaThread "RMI Scheduler(0)"           daemon [_thread_blocked, id=42008, stack(0x000000fe10b00000,0x000000fe10c00000) (1024K)]
  0x00000292bdc390e0 JavaThread "JMX server connection timeout 40" daemon [_thread_blocked, id=42668, stack(0x000000fe10c00000,0x000000fe10d00000) (1024K)]
  0x00000292be7527c0 JavaThread "PostgreSQL-JDBC-Cleaner"    daemon [_thread_blocked, id=42300, stack(0x000000fe11d00000,0x000000fe11e00000) (1024K)]
  0x00000292be74f8e0 JavaThread "HikariPool-1 housekeeper"   daemon [_thread_blocked, id=42304, stack(0x000000fe11e00000,0x000000fe11f00000) (1024K)]
  0x00000292bdcd8330 JavaThread "Catalina-utility-1"                [_thread_blocked, id=40768, stack(0x000000fe12500000,0x000000fe12600000) (1024K)]
  0x00000292bf42c500 JavaThread "Catalina-utility-2"                [_thread_blocked, id=42560, stack(0x000000fe12600000,0x000000fe12700000) (1024K)]
  0x00000292bf426f10 JavaThread "container-0"                       [_thread_blocked, id=32988, stack(0x000000fe12700000,0x000000fe12800000) (1024K)]
  0x00000292bf42ccd0 JavaThread "HttpClient-1-SelectorManager" daemon [_thread_in_native, id=32396, stack(0x000000fe12800000,0x000000fe12900000) (1024K)]
  0x00000292bf429df0 JavaThread "lettuce-timer-3-1"          daemon [_thread_blocked, id=35924, stack(0x000000fe12900000,0x000000fe12a00000) (1024K)]
  0x00000292bf427eb0 JavaThread "http-nio-4040-exec-1"       daemon [_thread_blocked, id=28968, stack(0x000000fe12b00000,0x000000fe12c00000) (1024K)]
  0x00000292bf428e50 JavaThread "http-nio-4040-exec-2"       daemon [_thread_blocked, id=42724, stack(0x000000fe12c00000,0x000000fe12d00000) (1024K)]
  0x00000292bf42a5c0 JavaThread "http-nio-4040-exec-3"       daemon [_thread_blocked, id=42716, stack(0x000000fe12d00000,0x000000fe12e00000) (1024K)]
  0x00000292bf42d4a0 JavaThread "http-nio-4040-exec-4"       daemon [_thread_blocked, id=42092, stack(0x000000fe12e00000,0x000000fe12f00000) (1024K)]
  0x00000292bf42b560 JavaThread "http-nio-4040-exec-5"       daemon [_thread_blocked, id=42096, stack(0x000000fe12f00000,0x000000fe13000000) (1024K)]
  0x00000292b7eace60 JavaThread "http-nio-4040-exec-6"       daemon [_thread_blocked, id=31124, stack(0x000000fe13000000,0x000000fe13100000) (1024K)]
  0x00000292c09e80b0 JavaThread "http-nio-4040-exec-7"       daemon [_thread_blocked, id=37716, stack(0x000000fe13100000,0x000000fe13200000) (1024K)]
  0x00000292c09e6940 JavaThread "http-nio-4040-exec-8"       daemon [_thread_blocked, id=42864, stack(0x000000fe13200000,0x000000fe13300000) (1024K)]
  0x00000292c09e78e0 JavaThread "http-nio-4040-exec-9"       daemon [_thread_blocked, id=42356, stack(0x000000fe13300000,0x000000fe13400000) (1024K)]
  0x00000292c09e6170 JavaThread "http-nio-4040-exec-10"      daemon [_thread_blocked, id=42236, stack(0x000000fe13400000,0x000000fe13500000) (1024K)]
  0x00000292c0a00f60 JavaThread "http-nio-4040-Poller"       daemon [_thread_blocked, id=41636, stack(0x000000fe13500000,0x000000fe13600000) (1024K)]
  0x00000292c09f9a30 JavaThread "http-nio-4040-Acceptor"     daemon [_thread_in_native, id=42852, stack(0x000000fe13600000,0x000000fe13700000) (1024K)]
  0x00000292c09fc140 JavaThread "DestroyJavaVM"                     [_thread_blocked, id=42624, stack(0x000000fe0f200000,0x000000fe0f300000) (1024K)]
  0x00000292c0a00790 JavaThread "RMI TCP Connection(4)-26.207.149.145" daemon [_thread_in_native, id=34916, stack(0x000000fe0f000000,0x000000fe0f100000) (1024K)]
  0x00000292bd893ed0 JavaThread "C1 CompilerThread1"         daemon [_thread_blocked, id=38432, stack(0x000000fe0f100000,0x000000fe0f200000) (1024K)]
  0x00000292bd892eb0 JavaThread "C1 CompilerThread2"         daemon [_thread_blocked, id=40628, stack(0x000000fe10100000,0x000000fe10200000) (1024K)]
  0x00000292bd8936c0 JavaThread "C1 CompilerThread3"         daemon [_thread_blocked, id=20596, stack(0x000000fe10200000,0x000000fe10300000) (1024K)]
  0x00000292bd894ef0 JavaThread "C1 CompilerThread4"         daemon [_thread_blocked, id=41268, stack(0x000000fe10400000,0x000000fe10500000) (1024K)]
Total: 38

Other Threads:
  0x00000292b7e84400 VMThread "VM Thread"                           [id=42616, stack(0x000000fe0f900000,0x000000fe0fa00000) (1024K)]
  0x00000292b7e74b10 WatcherThread "VM Periodic Task Thread"        [id=42480, stack(0x000000fe0f800000,0x000000fe0f900000) (1024K)]
  0x00000292a49fbe80 WorkerThread "GC Thread#0"                     [id=42100, stack(0x000000fe0f300000,0x000000fe0f400000) (1024K)]
  0x00000292bdf9eef0 WorkerThread "GC Thread#1"                     [id=20876, stack(0x000000fe10f00000,0x000000fe11000000) (1024K)]
  0x00000292be279010 WorkerThread "GC Thread#2"                     [id=42256, stack(0x000000fe11000000,0x000000fe11100000) (1024K)]
  0x00000292bdf9fe70 WorkerThread "GC Thread#3"                     [id=41948, stack(0x000000fe11100000,0x000000fe11200000) (1024K)]
  0x00000292bdfa6940 WorkerThread "GC Thread#4"                     [id=42632, stack(0x000000fe11200000,0x000000fe11300000) (1024K)]
  0x00000292bdfa6d70 WorkerThread "GC Thread#5"                     [id=42744, stack(0x000000fe11300000,0x000000fe11400000) (1024K)]
  0x00000292be003010 WorkerThread "GC Thread#6"                     [id=42608, stack(0x000000fe11400000,0x000000fe11500000) (1024K)]
  0x00000292bde38d90 WorkerThread "GC Thread#7"                     [id=42492, stack(0x000000fe11500000,0x000000fe11600000) (1024K)]
  0x00000292bde35e20 WorkerThread "GC Thread#8"                     [id=29992, stack(0x000000fe11600000,0x000000fe11700000) (1024K)]
  0x00000292bde373b0 WorkerThread "GC Thread#9"                     [id=4976, stack(0x000000fe11700000,0x000000fe11800000) (1024K)]
=>0x00000292bde36b10 WorkerThread "GC Thread#10"                    [id=42280, stack(0x000000fe11800000,0x000000fe11900000) (1024K)]
  0x00000292bde391e0 WorkerThread "GC Thread#11"                    [id=42688, stack(0x000000fe11900000,0x000000fe11a00000) (1024K)]
  0x00000292bee6e070 WorkerThread "GC Thread#12"                    [id=42740, stack(0x000000fe10e00000,0x000000fe10f00000) (1024K)]
  0x00000292a4a14950 ConcurrentGCThread "G1 Main Marker"            [id=42848, stack(0x000000fe0f400000,0x000000fe0f500000) (1024K)]
  0x00000292a4a154f0 WorkerThread "G1 Conc#0"                       [id=42128, stack(0x000000fe0f500000,0x000000fe0f600000) (1024K)]
  0x00000292bde36f60 WorkerThread "G1 Conc#1"                       [id=42692, stack(0x000000fe11a00000,0x000000fe11b00000) (1024K)]
  0x00000292bde37c50 WorkerThread "G1 Conc#2"                       [id=42276, stack(0x000000fe11b00000,0x000000fe11c00000) (1024K)]
  0x00000292b7d3fad0 ConcurrentGCThread "G1 Refine#0"               [id=37344, stack(0x000000fe0f600000,0x000000fe0f700000) (1024K)]
  0x00000292b7d406e0 ConcurrentGCThread "G1 Service"                [id=18544, stack(0x000000fe0f700000,0x000000fe0f800000) (1024K)]
Total: 21

Threads with active compile tasks:
C1 CompilerThread2  460022 16089       1       org.apache.coyote.http11.Http11Processor::prepareResponse (794 bytes)
Total: 1

VM state: at safepoint (normal execution)

VM Mutex/Monitor currently owned by a thread:  ([mutex/lock_event])
[0x00007ff89a526da8] FreeList_lock - owner thread: 0x00000292bde36b10
[0x00007ff89a5294a8] Threads_lock - owner thread: 0x00000292b7e84400
[0x00007ff89a529628] Heap_lock - owner thread: 0x00000292bf427eb0

Heap address: 0x0000000705000000, size: 4016 MB, Compressed Oops mode: Zero based, Oop shift amount: 3

CDS archive(s) mapped at: [0x000000003a000000-0x000000003add0000-0x000000003add0000), size 14483456, SharedBaseAddress: 0x000000003a000000, ArchiveRelocationMode: 1.
Compressed class space mapped at: 0x000000003b000000-0x000000007b000000, reserved size: 1073741824
UseCompressedClassPointers 1, UseCompactObjectHeaders 0
Narrow klass pointer bits 32, Max shift 3
Narrow klass base: 0x000000003a000000, Narrow klass shift: 0
Encoding Range: [0x000000003a000000 - 0x000000013a000000), (4294967296 bytes)
Klass Range:    [0x000000003a010000 - 0x000000007b000000), (1090453504 bytes)
Klass ID Range:  [65536 - 1090519033) (1090453497)
Protection zone: [0x000000003a000000 - 0x000000003a010000), (65536 bytes)

GC Precious Log:
 CardTable entry size: 512
 Card Set container configuration: InlinePtr #cards 4 size 8 Array Of Cards #cards 16 size 48 Howl #buckets 8 coarsen threshold 3686 Howl Bitmap #cards 512 size 80 coarsen threshold 460 Card regions per heap region 1 cards per card region 4096
 CPUs: 16 total, 16 available
 Memory: 16061M
 Large Page Support: Disabled
 NUMA Support: Disabled
 Compressed Oops: Enabled (Zero based)
 Heap Region Size: 2M
 Heap Min Capacity: 8M
 Heap Initial Capacity: 252M
 Heap Max Capacity: 4016M
 Pre-touch: Disabled
 Parallel Workers: 13
 Concurrent Workers: 3
 Concurrent Refinement Workers: 13
 Periodic GC: Disabled

Heap:
 garbage-first heap   total reserved 4112384K, committed 135168K, used 123310K [0x0000000705000000, 0x0000000800000000)
  region size 2048K, 28 young (57344K), 2 survivors (4096K)

Heap Regions: E=young(eden), S=young(survivor), O=old, HS=humongous(starts), HC=humongous(continues), CS=collection set, F=free, TAMS=top-at-mark-start, PB=parsable bottom
|   0|0x0000000705000000, 0x0000000705200000, 0x0000000705200000|100%| O|  |TAMS 0x0000000705000000| PB 0x0000000705000000| Untracked |  0
|   1|0x0000000705200000, 0x0000000705400000, 0x0000000705400000|100%| O|  |TAMS 0x0000000705200000| PB 0x0000000705200000| Untracked |  0
|   2|0x0000000705400000, 0x0000000705600000, 0x0000000705600000|100%| O|  |TAMS 0x0000000705400000| PB 0x0000000705400000| Untracked |  0
|   3|0x0000000705600000, 0x0000000705800000, 0x0000000705800000|100%| O|CS|TAMS 0x0000000705600000| PB 0x0000000705600000| Complete |  0
|   4|0x0000000705800000, 0x0000000705a00000, 0x0000000705a00000|100%| O|  |TAMS 0x0000000705800000| PB 0x0000000705800000| Untracked |  0
|   5|0x0000000705a00000, 0x0000000705c00000, 0x0000000705c00000|100%| O|  |TAMS 0x0000000705a00000| PB 0x0000000705a00000| Untracked |  0
|   6|0x0000000705c00000, 0x0000000705e00000, 0x0000000705e00000|100%| O|  |TAMS 0x0000000705c00000| PB 0x0000000705c00000| Untracked |  0
|   7|0x0000000705e00000, 0x0000000706000000, 0x0000000706000000|100%| O|  |TAMS 0x0000000705e00000| PB 0x0000000705e00000| Untracked |  0
|   8|0x0000000706000000, 0x0000000706200000, 0x0000000706200000|100%| O|  |TAMS 0x0000000706000000| PB 0x0000000706000000| Untracked |  0
|   9|0x0000000706200000, 0x0000000706400000, 0x0000000706400000|100%| O|  |TAMS 0x0000000706200000| PB 0x0000000706200000| Untracked |  0
|  10|0x0000000706400000, 0x0000000706600000, 0x0000000706600000|100%| O|  |TAMS 0x0000000706400000| PB 0x0000000706400000| Untracked |  0
|  11|0x0000000706600000, 0x0000000706800000, 0x0000000706800000|100%| O|CS|TAMS 0x0000000706600000| PB 0x0000000706600000| Complete |  0
|  12|0x0000000706800000, 0x0000000706a00000, 0x0000000706a00000|100%| O|  |TAMS 0x0000000706800000| PB 0x0000000706800000| Untracked |  0
|  13|0x0000000706a00000, 0x0000000706c00000, 0x0000000706c00000|100%| O|  |TAMS 0x0000000706a00000| PB 0x0000000706a00000| Untracked |  0
|  14|0x0000000706c00000, 0x0000000706e00000, 0x0000000706e00000|100%| O|  |TAMS 0x0000000706c00000| PB 0x0000000706c00000| Untracked |  0
|  15|0x0000000706e00000, 0x0000000707000000, 0x0000000707000000|100%| O|CS|TAMS 0x0000000706e00000| PB 0x0000000706e00000| Complete |  0
|  16|0x0000000707000000, 0x0000000707200000, 0x0000000707200000|100%| O|  |TAMS 0x0000000707000000| PB 0x0000000707000000| Untracked |  0
|  17|0x0000000707200000, 0x0000000707400000, 0x0000000707400000|100%| O|  |TAMS 0x0000000707200000| PB 0x0000000707200000| Untracked |  0
|  18|0x0000000707400000, 0x0000000707600000, 0x0000000707600000|100%| O|  |TAMS 0x0000000707400000| PB 0x0000000707400000| Untracked |  0
|  19|0x0000000707600000, 0x0000000707800000, 0x0000000707800000|100%| O|  |TAMS 0x0000000707600000| PB 0x0000000707600000| Untracked |  0
|  20|0x0000000707800000, 0x0000000707a00000, 0x0000000707a00000|100%| O|  |TAMS 0x0000000707800000| PB 0x0000000707800000| Untracked |  0
|  21|0x0000000707a00000, 0x0000000707c00000, 0x0000000707c00000|100%| O|  |TAMS 0x0000000707a00000| PB 0x0000000707a00000| Untracked |  0
|  22|0x0000000707c00000, 0x0000000707e00000, 0x0000000707e00000|100%| O|CS|TAMS 0x0000000707c00000| PB 0x0000000707c00000| Complete |  0
|  23|0x0000000707e00000, 0x0000000708000000, 0x0000000708000000|100%| O|  |TAMS 0x0000000707e00000| PB 0x0000000707e00000| Untracked |  0
|  24|0x0000000708000000, 0x0000000708200000, 0x0000000708200000|100%| O|  |TAMS 0x0000000708000000| PB 0x0000000708000000| Untracked |  0
|  25|0x0000000708200000, 0x0000000708400000, 0x0000000708400000|100%| O|  |TAMS 0x0000000708200000| PB 0x0000000708200000| Untracked |  0
|  26|0x0000000708400000, 0x0000000708600000, 0x0000000708600000|100%| O|  |TAMS 0x0000000708400000| PB 0x0000000708400000| Untracked |  0
|  27|0x0000000708600000, 0x0000000708800000, 0x0000000708800000|100%| O|CS|TAMS 0x0000000708600000| PB 0x0000000708600000| Complete |  0
|  28|0x0000000708800000, 0x0000000708a00000, 0x0000000708a00000|100%| O|  |TAMS 0x0000000708800000| PB 0x0000000708800000| Untracked |  0
|  29|0x0000000708a00000, 0x0000000708c00000, 0x0000000708c00000|100%| O|  |TAMS 0x0000000708a00000| PB 0x0000000708a00000| Untracked |  0
|  30|0x0000000708c00000, 0x0000000708e00000, 0x0000000708e00000|100%| O|  |TAMS 0x0000000708c00000| PB 0x0000000708c00000| Untracked |  0
|  31|0x0000000708e00000, 0x0000000709000000, 0x0000000709000000|100%| O|  |TAMS 0x0000000708e00000| PB 0x0000000708e00000| Untracked |  0
|  32|0x0000000709000000, 0x0000000709200000, 0x0000000709200000|100%| O|  |TAMS 0x0000000709000000| PB 0x0000000709000000| Untracked |  0
|  33|0x0000000709200000, 0x00000007093d8118, 0x0000000709400000| 92%| E|CS|TAMS 0x0000000709200000| PB 0x0000000709200000| Complete |  0
|  34|0x0000000709400000, 0x0000000709600000, 0x0000000709600000|100%| E|CS|TAMS 0x0000000709400000| PB 0x0000000709400000| Complete |  0
|  35|0x0000000709600000, 0x0000000709687a60, 0x0000000709800000| 26%| S|  |TAMS 0x0000000709600000| PB 0x0000000709600000| Complete |  0
|  36|0x0000000709800000, 0x0000000709a00000, 0x0000000709a00000|100%| E|CS|TAMS 0x0000000709800000| PB 0x0000000709800000| Complete |  0
|  37|0x0000000709a00000, 0x0000000709c00000, 0x0000000709c00000|100%| S|  |TAMS 0x0000000709a00000| PB 0x0000000709a00000| Complete |  0
|  38|0x0000000709c00000, 0x0000000709e00000, 0x0000000709e00000|100%| E|CS|TAMS 0x0000000709c00000| PB 0x0000000709c00000| Complete |  0
|  39|0x0000000709e00000, 0x000000070a000000, 0x000000070a000000|100%| E|CS|TAMS 0x0000000709e00000| PB 0x0000000709e00000| Complete |  0
|  40|0x000000070a000000, 0x000000070a200000, 0x000000070a200000|100%| E|CS|TAMS 0x000000070a000000| PB 0x000000070a000000| Complete |  0
|  41|0x000000070a200000, 0x000000070a400000, 0x000000070a400000|100%| E|CS|TAMS 0x000000070a200000| PB 0x000000070a200000| Complete |  0
|  42|0x000000070a400000, 0x000000070a600000, 0x000000070a600000|100%| E|CS|TAMS 0x000000070a400000| PB 0x000000070a400000| Complete |  0
|  43|0x000000070a600000, 0x000000070a800000, 0x000000070a800000|100%| E|CS|TAMS 0x000000070a600000| PB 0x000000070a600000| Complete |  0
|  44|0x000000070a800000, 0x000000070aa00000, 0x000000070aa00000|100%| E|CS|TAMS 0x000000070a800000| PB 0x000000070a800000| Complete |  0
|  45|0x000000070aa00000, 0x000000070ac00000, 0x000000070ac00000|100%| E|CS|TAMS 0x000000070aa00000| PB 0x000000070aa00000| Complete |  0
|  46|0x000000070ac00000, 0x000000070ae00000, 0x000000070ae00000|100%| E|CS|TAMS 0x000000070ac00000| PB 0x000000070ac00000| Complete |  0
|  47|0x000000070ae00000, 0x000000070b000000, 0x000000070b000000|100%| E|CS|TAMS 0x000000070ae00000| PB 0x000000070ae00000| Complete |  0
|  48|0x000000070b000000, 0x000000070b200000, 0x000000070b200000|100%| E|CS|TAMS 0x000000070b000000| PB 0x000000070b000000| Complete |  0
|  49|0x000000070b200000, 0x000000070b400000, 0x000000070b400000|100%| E|CS|TAMS 0x000000070b200000| PB 0x000000070b200000| Complete |  0
|  50|0x000000070b400000, 0x000000070b600000, 0x000000070b600000|100%| E|CS|TAMS 0x000000070b400000| PB 0x000000070b400000| Complete |  0
|  51|0x000000070b600000, 0x000000070b800000, 0x000000070b800000|100%| E|CS|TAMS 0x000000070b600000| PB 0x000000070b600000| Complete |  0
|  52|0x000000070b800000, 0x000000070ba00000, 0x000000070ba00000|100%| E|CS|TAMS 0x000000070b800000| PB 0x000000070b800000| Complete |  0
|  53|0x000000070ba00000, 0x000000070bc00000, 0x000000070bc00000|100%| E|CS|TAMS 0x000000070ba00000| PB 0x000000070ba00000| Complete |  0
|  54|0x000000070bc00000, 0x000000070be00000, 0x000000070be00000|100%| E|CS|TAMS 0x000000070bc00000| PB 0x000000070bc00000| Complete |  0
|  55|0x000000070be00000, 0x000000070c000000, 0x000000070c000000|100%| E|CS|TAMS 0x000000070be00000| PB 0x000000070be00000| Complete |  0
|  56|0x000000070c000000, 0x000000070c200000, 0x000000070c200000|100%| E|CS|TAMS 0x000000070c000000| PB 0x000000070c000000| Complete |  0
|  57|0x000000070c200000, 0x000000070c400000, 0x000000070c400000|100%| E|CS|TAMS 0x000000070c200000| PB 0x000000070c200000| Complete |  0
|  96|0x0000000711000000, 0x0000000711200000, 0x0000000711200000|100%| E|CS|TAMS 0x0000000711000000| PB 0x0000000711000000| Complete |  0
|  97|0x0000000711200000, 0x0000000711400000, 0x0000000711400000|100%| E|CS|TAMS 0x0000000711200000| PB 0x0000000711200000| Complete |  0
|  98|0x0000000711400000, 0x0000000711600000, 0x0000000711600000|100%| E|CS|TAMS 0x0000000711400000| PB 0x0000000711400000| Complete |  0
| 102|0x0000000711c00000, 0x0000000711e00000, 0x0000000711e00000|100%| E|CS|TAMS 0x0000000711c00000| PB 0x0000000711c00000| Complete |  0
| 125|0x0000000714a00000, 0x0000000714c00000, 0x0000000714c00000|100%| E|CS|TAMS 0x0000000714a00000| PB 0x0000000714a00000| Complete |  0
|2005|0x00000007ffa00000, 0x00000007ffc00000, 0x00000007ffc00000|100%| O|CS|TAMS 0x00000007ffa00000| PB 0x00000007ffa00000| Complete |  0
|2006|0x00000007ffc00000, 0x00000007ffe00000, 0x00000007ffe00000|100%| O|  |TAMS 0x00000007ffc00000| PB 0x00000007ffc00000| Untracked |  0
|2007|0x00000007ffe00000, 0x0000000800000000, 0x0000000800000000|100%| E|CS|TAMS 0x00000007ffe00000| PB 0x00000007ffe00000| Complete |  0

Card table byte_map: [0x00000292b1140000,0x00000292b1920000] _byte_map_base: 0x00000292ad918000

Marking Bits: (CMBitMap*) 0x00000292a49fc610
 Bits: [0x00000292b1920000, 0x00000292b57e0000)

Polling page: 0x00000292a27f0000

Metaspace:
Metaspace        used 108128K, committed 108928K, reserved 1179648K
 class space     used 12436K, committed 12800K, reserved 1048576K

Usage:
  Non-class:     93.45 MB used.
      Class:     12.15 MB used.
       Both:    105.59 MB used.

Virtual space:
  Non-class space:      128.00 MB reserved,      93.88 MB ( 73%) committed,  2 nodes.
      Class space:        1.00 GB reserved,      12.50 MB (  1%) committed,  1 nodes.
             Both:        1.12 GB reserved,     106.38 MB (  9%) committed. 

Chunk freelists:
   Non-Class:  1.89 MB
       Class:  3.45 MB
        Both:  5.34 MB

MaxMetaspaceSize: unlimited
CompressedClassSpaceSize: 1.00 GB
Initial GC threshold: 21.00 MB
Current GC threshold: 170.88 MB
CDS: on
 - commit_granule_bytes: 65536.
 - commit_granule_words: 8192.
 - virtual_space_node_default_size: 8388608.
 - enlarge_chunks_in_place: 1.
UseCompressedClassPointers 1, UseCompactObjectHeaders 0
Narrow klass pointer bits 32, Max shift 3
Narrow klass base: 0x000000003a000000, Narrow klass shift: 0
Encoding Range: [0x000000003a000000 - 0x000000013a000000), (4294967296 bytes)
Klass Range:    [0x000000003a010000 - 0x000000007b000000), (1090453504 bytes)
Klass ID Range:  [65536 - 1090519033) (1090453497)
Protection zone: [0x000000003a000000 - 0x000000003a010000), (65536 bytes)


Internal statistics:

num_allocs_failed_limit: 6.
num_arena_births: 1566.
num_arena_deaths: 292.
num_vsnodes_births: 3.
num_vsnodes_deaths: 0.
num_space_committed: 1702.
num_space_uncommitted: 0.
num_chunks_returned_to_freelist: 304.
num_chunks_taken_from_freelist: 5453.
num_chunk_merges: 92.
num_chunk_splits: 3962.
num_chunks_enlarged: 3218.
num_inconsistent_stats: 0.

CodeCache: size=49152Kb used=19163Kb max_used=20165Kb free=29988Kb
 bounds [0x00000292ad1f0000, 0x00000292ae5b0000, 0x00000292b01f0000]
 total_blobs=13621, nmethods=12759, adapters=781, full_count=0
Compilation: enabled, stopped_count=0, restarted_count=0

Compilation events (20 events):
Event: 459.973 Thread 0x00000292bd893ed0 16104       1       org.apache.catalina.connector.Response::getContentWritten (8 bytes)
Event: 459.973 Thread 0x00000292bd893ed0 nmethod 16104 0x00000292ae4f3688 code [0x00000292ae4f3780, 0x00000292ae4f3860]
Event: 459.973 Thread 0x00000292b7e9ec10 nmethod 16100 0x00000292ae4f3388 code [0x00000292ae4f3480, 0x00000292ae4f35a0]
Event: 459.973 Thread 0x00000292bd893ed0 16099       1       org.apache.coyote.http11.Http11OutputBuffer::sendStatus (113 bytes)
Event: 459.973 Thread 0x00000292b7e9ec10 16101       1       org.springframework.web.servlet.handler.HandlerMappingIntrospector::resetCache (11 bytes)
Event: 459.973 Thread 0x00000292b7e9ec10 nmethod 16101 0x00000292ae4f3088 code [0x00000292ae4f3180, 0x00000292ae4f3280]
Event: 459.973 Thread 0x00000292b7e9ec10 16103       1       org.apache.coyote.http11.Http11OutputBuffer$SocketOutputBuffer::end (13 bytes)
Event: 459.973 Thread 0x00000292bd894ef0 nmethod 16102 0x00000292ae4f2c88 code [0x00000292ae4f2d80, 0x00000292ae4f3068]
Event: 459.973 Thread 0x00000292bd894ef0 16105       1       org.apache.catalina.connector.RequestFacade::clear (6 bytes)
Event: 459.973 Thread 0x00000292bd894ef0 nmethod 16105 0x00000292ae4f2988 code [0x00000292ae4f2a80, 0x00000292ae4f2b70]
Event: 459.973 Thread 0x00000292bd894ef0 16106   !   1       org.apache.coyote.http11.Http11Processor::endRequest (170 bytes)
Event: 459.973 Thread 0x00000292b7e9ec10 nmethod 16103 0x00000292ae4f2688 code [0x00000292ae4f2780, 0x00000292ae4f2880]
Event: 459.973 Thread 0x00000292bd893ed0 nmethod 16099 0x00000292ae4f2108 code [0x00000292ae4f2200, 0x00000292ae4f2608]
Event: 459.974 Thread 0x00000292bd894ef0 nmethod 16106 0x00000292ae4f1808 code [0x00000292ae4f1900, 0x00000292ae4f20a0]
Event: 459.975 Thread 0x00000292bd894ef0 16107       1       org.springframework.security.web.context.SecurityContextHolderFilter::doFilter (14 bytes)
Event: 459.975 Thread 0x00000292b7e9ec10 16108       1       org.springframework.web.cors.UrlBasedCorsConfigurationSource::getCorsConfiguration (84 bytes)
Event: 459.975 Thread 0x00000292bd8936c0 nmethod 16097 0x00000292ae4efa88 code [0x00000292ae4efb80, 0x00000292ae4f17c0]
Event: 459.975 Thread 0x00000292bd894ef0 nmethod 16107 0x00000292ae4ef788 code [0x00000292ae4ef880, 0x00000292ae4efa00]
Event: 459.975 Thread 0x00000292b7e9ec10 nmethod 16108 0x00000292ae4ef108 code [0x00000292ae4ef200, 0x00000292ae4ef710]
Event: 459.975 Thread 0x00000292bd892eb0 nmethod 16089 0x00000292ae4ed388 code [0x00000292ae4ed480, 0x00000292ae4ef080]

GC Heap Usage History (20 events):
Event: 6.285 {heap After GC invocations=17 (full 0):
 garbage-first heap   total reserved 4112384K, committed 104448K, used 44865K [0x0000000705000000, 0x0000000800000000)
  region size 2048K, 3 young (6144K), 3 survivors (6144K)
}
Event: 6.449 {heap Before GC invocations=17 (full 0):
 garbage-first heap   total reserved 4112384K, committed 104448K, used 91969K [0x0000000705000000, 0x0000000800000000)
  region size 2048K, 26 young (53248K), 3 survivors (6144K)
}
Event: 6.452 {heap After GC invocations=18 (full 0):
 garbage-first heap   total reserved 4112384K, committed 104448K, used 46740K [0x0000000705000000, 0x0000000800000000)
  region size 2048K, 2 young (4096K), 2 survivors (4096K)
}
Event: 6.524 {heap Before GC invocations=18 (full 0):
 garbage-first heap   total reserved 4112384K, committed 104448K, used 93844K [0x0000000705000000, 0x0000000800000000)
  region size 2048K, 25 young (51200K), 2 survivors (4096K)
}
Event: 6.528 {heap After GC invocations=19 (full 0):
 garbage-first heap   total reserved 4112384K, committed 126976K, used 49514K [0x0000000705000000, 0x0000000800000000)
  region size 2048K, 4 young (8192K), 4 survivors (8192K)
}
Event: 6.864 {heap Before GC invocations=20 (full 0):
 garbage-first heap   total reserved 4112384K, committed 126976K, used 110954K [0x0000000705000000, 0x0000000800000000)
  region size 2048K, 34 young (69632K), 4 survivors (8192K)
}
Event: 6.867 {heap After GC invocations=21 (full 0):
 garbage-first heap   total reserved 4112384K, committed 126976K, used 48403K [0x0000000705000000, 0x0000000800000000)
  region size 2048K, 2 young (4096K), 2 survivors (4096K)
}
Event: 7.513 {heap Before GC invocations=21 (full 0):
 garbage-first heap   total reserved 4112384K, committed 126976K, used 115987K [0x0000000705000000, 0x0000000800000000)
  region size 2048K, 35 young (71680K), 2 survivors (4096K)
}
Event: 7.518 {heap After GC invocations=22 (full 0):
 garbage-first heap   total reserved 4112384K, committed 129024K, used 54135K [0x0000000705000000, 0x0000000800000000)
  region size 2048K, 5 young (10240K), 5 survivors (10240K)
}
Event: 8.256 {heap Before GC invocations=22 (full 0):
 garbage-first heap   total reserved 4112384K, committed 129024K, used 115575K [0x0000000705000000, 0x0000000800000000)
  region size 2048K, 35 young (71680K), 5 survivors (10240K)
}
Event: 8.263 {heap After GC invocations=23 (full 0):
 garbage-first heap   total reserved 4112384K, committed 133120K, used 58763K [0x0000000705000000, 0x0000000800000000)
  region size 2048K, 3 young (6144K), 3 survivors (6144K)
}
Event: 8.880 {heap Before GC invocations=24 (full 0):
 garbage-first heap   total reserved 4112384K, committed 133120K, used 118155K [0x0000000705000000, 0x0000000800000000)
  region size 2048K, 32 young (65536K), 3 survivors (6144K)
}
Event: 8.887 {heap After GC invocations=25 (full 0):
 garbage-first heap   total reserved 4112384K, committed 133120K, used 62130K [0x0000000705000000, 0x0000000800000000)
  region size 2048K, 2 young (4096K), 2 survivors (4096K)
}
Event: 326.183 {heap Before GC invocations=25 (full 0):
 garbage-first heap   total reserved 4112384K, committed 133120K, used 117426K [0x0000000705000000, 0x0000000800000000)
  region size 2048K, 30 young (61440K), 2 survivors (4096K)
}
Event: 326.188 {heap After GC invocations=26 (full 0):
 garbage-first heap   total reserved 4112384K, committed 133120K, used 65417K [0x0000000705000000, 0x0000000800000000)
  region size 2048K, 4 young (8192K), 4 survivors (8192K)
}
Event: 342.961 {heap Before GC invocations=26 (full 0):
 garbage-first heap   total reserved 4112384K, committed 133120K, used 118665K [0x0000000705000000, 0x0000000800000000)
  region size 2048K, 31 young (63488K), 4 survivors (8192K)
}
Event: 342.967 {heap After GC invocations=27 (full 0):
 garbage-first heap   total reserved 4112384K, committed 135168K, used 68772K [0x0000000705000000, 0x0000000800000000)
  region size 2048K, 4 young (8192K), 4 survivors (8192K)
}
Event: 437.834 {heap Before GC invocations=28 (full 0):
 garbage-first heap   total reserved 4112384K, committed 135168K, used 119972K [0x0000000705000000, 0x0000000800000000)
  region size 2048K, 30 young (61440K), 4 survivors (8192K)
}
Event: 437.840 {heap After GC invocations=29 (full 0):
 garbage-first heap   total reserved 4112384K, committed 135168K, used 70062K [0x0000000705000000, 0x0000000800000000)
  region size 2048K, 3 young (6144K), 3 survivors (6144K)
}
Event: 459.975 {heap Before GC invocations=29 (full 0):
 garbage-first heap   total reserved 4112384K, committed 135168K, used 121262K [0x0000000705000000, 0x0000000800000000)
  region size 2048K, 29 young (59392K), 3 survivors (6144K)
}

Metaspace Usage History (20 events):
Event: 6.285 {metaspace After GC invocations=17 (full 0):
 Metaspace       used 73771K, committed 74368K, reserved 1179648K
  class space    used 8592K, committed 8832K, reserved 1048576K
}
Event: 6.449 {metaspace Before GC invocations=17 (full 0):
 Metaspace       used 75012K, committed 75584K, reserved 1179648K
  class space    used 8771K, committed 9024K, reserved 1048576K
}
Event: 6.452 {metaspace After GC invocations=18 (full 0):
 Metaspace       used 75012K, committed 75584K, reserved 1179648K
  class space    used 8771K, committed 9024K, reserved 1048576K
}
Event: 6.524 {metaspace Before GC invocations=18 (full 0):
 Metaspace       used 75021K, committed 75584K, reserved 1179648K
  class space    used 8772K, committed 9024K, reserved 1048576K
}
Event: 6.528 {metaspace After GC invocations=19 (full 0):
 Metaspace       used 75021K, committed 75584K, reserved 1179648K
  class space    used 8772K, committed 9024K, reserved 1048576K
}
Event: 6.864 {metaspace Before GC invocations=20 (full 0):
 Metaspace       used 75943K, committed 76480K, reserved 1179648K
  class space    used 8870K, committed 9088K, reserved 1048576K
}
Event: 6.867 {metaspace After GC invocations=21 (full 0):
 Metaspace       used 75943K, committed 76480K, reserved 1179648K
  class space    used 8870K, committed 9088K, reserved 1048576K
}
Event: 7.513 {metaspace Before GC invocations=21 (full 0):
 Metaspace       used 81518K, committed 82112K, reserved 1179648K
  class space    used 9412K, committed 9664K, reserved 1048576K
}
Event: 7.518 {metaspace After GC invocations=22 (full 0):
 Metaspace       used 81518K, committed 82112K, reserved 1179648K
  class space    used 9412K, committed 9664K, reserved 1048576K
}
Event: 8.256 {metaspace Before GC invocations=22 (full 0):
 Metaspace       used 91328K, committed 92096K, reserved 1179648K
  class space    used 10289K, committed 10624K, reserved 1048576K
}
Event: 8.263 {metaspace After GC invocations=23 (full 0):
 Metaspace       used 91328K, committed 92096K, reserved 1179648K
  class space    used 10289K, committed 10624K, reserved 1048576K
}
Event: 8.881 {metaspace Before GC invocations=24 (full 0):
 Metaspace       used 94625K, committed 95360K, reserved 1179648K
  class space    used 10762K, committed 11072K, reserved 1048576K
}
Event: 8.887 {metaspace After GC invocations=25 (full 0):
 Metaspace       used 94625K, committed 95360K, reserved 1179648K
  class space    used 10762K, committed 11072K, reserved 1048576K
}
Event: 326.183 {metaspace Before GC invocations=25 (full 0):
 Metaspace       used 98506K, committed 99264K, reserved 1179648K
  class space    used 11212K, committed 11520K, reserved 1048576K
}
Event: 326.188 {metaspace After GC invocations=26 (full 0):
 Metaspace       used 98506K, committed 99264K, reserved 1179648K
  class space    used 11212K, committed 11520K, reserved 1048576K
}
Event: 342.961 {metaspace Before GC invocations=26 (full 0):
 Metaspace       used 104080K, committed 104960K, reserved 1179648K
  class space    used 11928K, committed 12288K, reserved 1048576K
}
Event: 342.967 {metaspace After GC invocations=27 (full 0):
 Metaspace       used 104080K, committed 104960K, reserved 1179648K
  class space    used 11928K, committed 12288K, reserved 1048576K
}
Event: 437.834 {metaspace Before GC invocations=28 (full 0):
 Metaspace       used 106640K, committed 107456K, reserved 1179648K
  class space    used 12236K, committed 12608K, reserved 1048576K
}
Event: 437.840 {metaspace After GC invocations=29 (full 0):
 Metaspace       used 106640K, committed 107456K, reserved 1179648K
  class space    used 12236K, committed 12608K, reserved 1048576K
}
Event: 459.976 {metaspace Before GC invocations=29 (full 0):
 Metaspace       used 108128K, committed 108928K, reserved 1179648K
  class space    used 12436K, committed 12800K, reserved 1048576K
}

Dll operation events (12 events):
Event: 0.014 Loaded shared library C:\Program Files\Java\jdk-25\bin\java.dll
Event: 0.175 Loaded shared library C:\Program Files\Java\jdk-25\bin\zip.dll
Event: 0.180 Loaded shared library C:\Program Files\Java\jdk-25\bin\instrument.dll
Event: 0.184 Loaded shared library C:\Program Files\Java\jdk-25\bin\net.dll
Event: 0.185 Loaded shared library C:\Program Files\Java\jdk-25\bin\nio.dll
Event: 0.188 Loaded shared library C:\Program Files\Java\jdk-25\bin\zip.dll
Event: 0.205 Loaded shared library C:\Program Files\Java\jdk-25\bin\jimage.dll
Event: 0.582 Loaded shared library C:\Program Files\Java\jdk-25\bin\extnet.dll
Event: 0.596 Loaded shared library C:\Program Files\Java\jdk-25\bin\management.dll
Event: 0.611 Loaded shared library C:\Program Files\Java\jdk-25\bin\management_ext.dll
Event: 1.859 Loaded shared library C:\Program Files\Java\jdk-25\bin\sunmscapi.dll
Event: 4.376 Loaded shared library C:\Program Files\Java\jdk-25\bin\verify.dll

Deoptimization events (12 events):
Event: 2.921 Thread 0x00000292a4991780 DEOPT PACKING pc=0x00000292ad77ce34 sp=0x000000fe0f2fcc70
Event: 2.921 Thread 0x00000292a4991780 DEOPT UNPACKING pc=0x00000292ad2412a2 sp=0x000000fe0f2fc168 mode 0
Event: 7.779 Thread 0x00000292bdbe06f0 DEOPT PACKING pc=0x00000292ad9199dc sp=0x000000fe10afeda0
Event: 7.779 Thread 0x00000292bdbe06f0 DEOPT UNPACKING pc=0x00000292ad2412a2 sp=0x000000fe10afe238 mode 0
Event: 8.445 Thread 0x00000292a4991780 DEOPT PACKING pc=0x00000292ae279114 sp=0x000000fe0f2fb0e0
Event: 8.445 Thread 0x00000292a4991780 DEOPT UNPACKING pc=0x00000292ad2412a2 sp=0x000000fe0f2fa700 mode 0
Event: 8.454 Thread 0x00000292a4991780 DEOPT PACKING pc=0x00000292ae279eac sp=0x000000fe0f2fccb0
Event: 8.454 Thread 0x00000292a4991780 DEOPT UNPACKING pc=0x00000292ad2412a2 sp=0x000000fe0f2fc1f0 mode 0
Event: 8.520 Thread 0x00000292a4991780 DEOPT PACKING pc=0x00000292ae279eac sp=0x000000fe0f2fe4c0
Event: 8.520 Thread 0x00000292a4991780 DEOPT UNPACKING pc=0x00000292ad2412a2 sp=0x000000fe0f2fda00 mode 0
Event: 332.096 Thread 0x00000292c09e6940 DEOPT PACKING pc=0x00000292ade029cf sp=0x000000fe132feb10
Event: 332.096 Thread 0x00000292c09e6940 DEOPT UNPACKING pc=0x00000292ad2412a2 sp=0x000000fe132fe0c0 mode 3

Classes loaded (20 events):
Event: 438.165 Loading class sun/security/ssl/Finished$T13VerifyDataGenerator
Event: 438.165 Loading class sun/security/ssl/Finished$T13VerifyDataGenerator done
Event: 438.165 Loading class sun/security/ssl/Finished$1
Event: 438.165 Loading class sun/security/ssl/Finished$1 done
Event: 438.165 Loading class sun/security/ssl/SSLBasicKeyDerivation
Event: 438.166 Loading class sun/security/ssl/SSLBasicKeyDerivation done
Event: 438.166 Loading class com/sun/crypto/provider/GaloisCounterMode$GCMEncrypt
Event: 438.166 Loading class com/sun/crypto/provider/GaloisCounterMode$GCMEncrypt done
Event: 438.166 Loading class com/sun/crypto/provider/GaloisCounterMode$EncryptOp
Event: 438.166 Loading class com/sun/crypto/provider/GaloisCounterMode$EncryptOp done
Event: 438.166 Loading class javax/net/ssl/SSLEngineResult$HandshakeStatus
Event: 438.167 Loading class javax/net/ssl/SSLEngineResult$HandshakeStatus done
Event: 438.167 Loading class jdk/internal/event/TLSHandshakeEvent
Event: 438.167 Loading class jdk/internal/event/TLSHandshakeEvent done
Event: 438.410 Loading class sun/security/ssl/PostHandshakeContext
Event: 438.410 Loading class sun/security/ssl/PostHandshakeContext done
Event: 438.410 Loading class sun/security/ssl/NewSessionTicket$T13NewSessionTicketMessage
Event: 438.411 Loading class sun/security/ssl/NewSessionTicket$NewSessionTicketMessage
Event: 438.411 Loading class sun/security/ssl/NewSessionTicket$NewSessionTicketMessage done
Event: 438.411 Loading class sun/security/ssl/NewSessionTicket$T13NewSessionTicketMessage done

Classes unloaded (20 events):
Event: 343.003 Thread 0x00000292b7e84400 Unloading class 0x000000003b114000 'java/lang/invoke/LambdaForm$DMH+0x000000003b114000'
Event: 343.003 Thread 0x00000292b7e84400 Unloading class 0x000000003b0d0c00 'java/lang/invoke/LambdaForm$BMH+0x000000003b0d0c00'
Event: 343.003 Thread 0x00000292b7e84400 Unloading class 0x000000003b0cf800 'java/lang/invoke/LambdaForm$MH+0x000000003b0cf800'
Event: 343.003 Thread 0x00000292b7e84400 Unloading class 0x000000003b0cf400 'java/lang/invoke/LambdaForm$BMH+0x000000003b0cf400'
Event: 343.003 Thread 0x00000292b7e84400 Unloading class 0x000000003b0ce400 'java/lang/invoke/LambdaForm$MH+0x000000003b0ce400'
Event: 343.003 Thread 0x00000292b7e84400 Unloading class 0x000000003b0ce000 'java/lang/invoke/LambdaForm$MH+0x000000003b0ce000'
Event: 343.003 Thread 0x00000292b7e84400 Unloading class 0x000000003b0cd400 'java/lang/invoke/LambdaForm$MH+0x000000003b0cd400'
Event: 343.003 Thread 0x00000292b7e84400 Unloading class 0x000000003b0cd000 'java/lang/invoke/LambdaForm$MH+0x000000003b0cd000'
Event: 343.003 Thread 0x00000292b7e84400 Unloading class 0x000000003b0c3800 'java/lang/invoke/LambdaForm$MH+0x000000003b0c3800'
Event: 343.003 Thread 0x00000292b7e84400 Unloading class 0x000000003b0c3400 'java/lang/invoke/LambdaForm$MH+0x000000003b0c3400'
Event: 343.003 Thread 0x00000292b7e84400 Unloading class 0x000000003b0c3000 'java/lang/invoke/LambdaForm$MH+0x000000003b0c3000'
Event: 343.003 Thread 0x00000292b7e84400 Unloading class 0x000000003b0c2c00 'java/lang/invoke/LambdaForm$MH+0x000000003b0c2c00'
Event: 343.003 Thread 0x00000292b7e84400 Unloading class 0x000000003b0c2800 'java/lang/invoke/LambdaForm$BMH+0x000000003b0c2800'
Event: 343.003 Thread 0x00000292b7e84400 Unloading class 0x000000003b047800 'java/lang/invoke/LambdaForm$DMH+0x000000003b047800'
Event: 343.003 Thread 0x00000292b7e84400 Unloading class 0x000000003b047000 'java/lang/invoke/LambdaForm$DMH+0x000000003b047000'
Event: 343.003 Thread 0x00000292b7e84400 Unloading class 0x000000003b046800 'java/lang/invoke/LambdaForm$DMH+0x000000003b046800'
Event: 343.003 Thread 0x00000292b7e84400 Unloading class 0x000000003b046400 'java/lang/invoke/LambdaForm$DMH+0x000000003b046400'
Event: 343.003 Thread 0x00000292b7e84400 Unloading class 0x000000003b042c00 'java/lang/invoke/LambdaForm$MH+0x000000003b042c00'
Event: 343.003 Thread 0x00000292b7e84400 Unloading class 0x000000003b042800 'java/lang/invoke/LambdaForm$MH+0x000000003b042800'
Event: 343.003 Thread 0x00000292b7e84400 Unloading class 0x000000003b042400 'java/lang/invoke/LambdaForm$MH+0x000000003b042400'

Classes redefined (0 events):
No events

Internal exceptions (20 events):
Event: 331.794 Thread 0x00000292bf42d4a0 Exception <a 'java/lang/NoSuchMethodError'{0x000000070b694430}: 'java.lang.Object java.lang.invoke.Invokers$Holder.linkToTargetMethod(java.lang.Object, int, java.lang.Object, java.lang.Object, java.lang.Object, java.lang.Object)'> (0x000000070b694430) 
thrown [s\open\src\hotspot\share\interpreter\linkResolver.cpp, line 804]
Event: 331.795 Thread 0x00000292bf42d4a0 Exception <a 'java/lang/NoSuchMethodError'{0x000000070b6ae6e8}: 'int java.lang.invoke.DirectMethodHandle$Holder.invokeStatic(java.lang.Object, java.lang.Object, int, java.lang.Object)'> (0x000000070b6ae6e8) 
thrown [s\open\src\hotspot\share\interpreter\linkResolver.cpp, line 804]
Event: 332.029 Thread 0x00000292c09e78e0 Exception <a 'java/lang/IncompatibleClassChangeError'{0x000000070b31f7c0}: Found class java.lang.Object, but interface was expected> (0x000000070b31f7c0) 
thrown [s\open\src\hotspot\share\interpreter\linkResolver.cpp, line 871]
Event: 332.031 Thread 0x00000292c09e6170 Exception <a 'java/lang/IncompatibleClassChangeError'{0x000000070b350ad0}: Found class java.lang.Object, but interface was expected> (0x000000070b350ad0) 
thrown [s\open\src\hotspot\share\interpreter\linkResolver.cpp, line 871]
Event: 332.031 Thread 0x00000292bf42d4a0 Exception <a 'java/lang/IncompatibleClassChangeError'{0x000000070b35fe78}: Found class java.lang.Object, but interface was expected> (0x000000070b35fe78) 
thrown [s\open\src\hotspot\share\interpreter\linkResolver.cpp, line 871]
Event: 332.035 Thread 0x00000292c09e6940 Exception <a 'java/lang/NoSuchMethodError'{0x000000070b0264a0}: 'java.lang.Object java.lang.invoke.DelegatingMethodHandle$Holder.reinvoke_L(java.lang.Object, java.lang.Object, java.lang.Object, java.lang.Object, java.lang.Object, java.lang.Object, java.lang.Object, java.lang.Object, java.lang.Object, java.lang.Object, java.lang.Object, java.lang.Object, java.lang.Object, java.lang.Object, java.lang.Object, java.lang.Object, java.lang.Object)'> (0x000000070b0264a0) 
thrown [s\open\src\hotspot\share\interpre
Event: 332.035 Thread 0x00000292c09e6940 Exception <a 'java/lang/NoSuchMethodError'{0x000000070b0393a0}: 'java.lang.Object java.lang.invoke.Invokers$Holder.linkToTargetMethod(java.lang.Object, java.lang.Object, java.lang.Object, java.lang.Object, java.lang.Object, java.lang.Object, java.lang.Object, java.lang.Object, java.lang.Object, java.lang.Object, java.lang.Object, java.lang.Object, java.lang.Object, java.lang.Object, java.lang.Object, java.lang.Object)'> (0x000000070b0393a0) 
thrown [s\open\src\hotspot\share\interpreter\linkResolver.cpp, li
Event: 333.568 Thread 0x00000292c09e6170 Exception <a 'java/lang/NoSuchMethodError'{0x000000070a3668e0}: 'java.lang.Object java.lang.invoke.DelegatingMethodHandle$Holder.reinvoke_L(java.lang.Object, java.lang.Object, java.lang.Object, java.lang.Object, java.lang.Object, java.lang.Object, java.lang.Object, java.lang.Object, java.lang.Object, java.lang.Object, java.lang.Object, java.lang.Object, java.lang.Object, java.lang.Object, java.lang.Object, java.lang.Object, java.lang.Object, java.lang.Object, java.lang.Object, java.lang.Object)'> (0x000000
Event: 333.570 Thread 0x00000292c09e6170 Exception <a 'java/lang/NoSuchMethodError'{0x000000070a3f2788}: 'java.lang.Object java.lang.invoke.DirectMethodHandle$Holder.invokeStatic(java.lang.Object, java.lang.Object, java.lang.Object, java.lang.Object, java.lang.Object, java.lang.Object, java.lang.Object, java.lang.Object, java.lang.Object, java.lang.Object, java.lang.Object, java.lang.Object, java.lang.Object, java.lang.Object, java.lang.Object)'> (0x000000070a3f2788) 
thrown [s\open\src\hotspot\share\interpreter\linkResolver.cpp, line 804]
Event: 333.571 Thread 0x00000292c09e6170 Exception <a 'java/lang/NoSuchMethodError'{0x000000070a0209a0}: 'java.lang.Object java.lang.invoke.DirectMethodHandle$Holder.invokeStatic(java.lang.Object, java.lang.Object, java.lang.Object, java.lang.Object, java.lang.Object, java.lang.Object, java.lang.Object, java.lang.Object, java.lang.Object, java.lang.Object, java.lang.Object, java.lang.Object, java.lang.Object, java.lang.Object, java.lang.Object, java.lang.Object)'> (0x000000070a0209a0) 
thrown [s\open\src\hotspot\share\interpreter\linkResolver.cpp
Event: 333.572 Thread 0x00000292c09e6170 Exception <a 'java/lang/NoSuchMethodError'{0x000000070a03a2f0}: 'java.lang.Object java.lang.invoke.DelegatingMethodHandle$Holder.reinvoke_L(java.lang.Object, java.lang.Object, java.lang.Object, java.lang.Object, java.lang.Object, java.lang.Object, java.lang.Object, java.lang.Object, java.lang.Object, java.lang.Object, java.lang.Object, java.lang.Object, java.lang.Object, java.lang.Object, java.lang.Object, java.lang.Object, java.lang.Object, java.lang.Object, java.lang.Object)'> (0x000000070a03a2f0) 
throw
Event: 335.900 Thread 0x00000292bf42d4a0 Exception <a 'java/lang/NoSuchMethodError'{0x0000000709cecf78}: 'java.lang.Object java.lang.invoke.DirectMethodHandle$Holder.invokeVirtual(java.lang.Object, java.lang.Object, java.lang.Object, java.lang.Object, int)'> (0x0000000709cecf78) 
thrown [s\open\src\hotspot\share\interpreter\linkResolver.cpp, line 804]
Event: 335.900 Thread 0x00000292bf42d4a0 Exception <a 'java/lang/NoSuchMethodError'{0x0000000709d18660}: 'java.lang.Object java.lang.invoke.DirectMethodHandle$Holder.invokeSpecial(java.lang.Object, java.lang.Object, java.lang.Object, java.lang.Object, java.lang.Object, int)'> (0x0000000709d18660) 
thrown [s\open\src\hotspot\share\interpreter\linkResolver.cpp, line 804]
Event: 352.899 Thread 0x00000292bf42b560 Exception <a 'java/lang/NoSuchMethodError'{0x000000070ba09bb0}: 'java.lang.Object java.lang.invoke.DelegatingMethodHandle$Holder.reinvoke_L(java.lang.Object, java.lang.Object, java.lang.Object, java.lang.Object, java.lang.Object, int, java.lang.Object, java.lang.Object, java.lang.Object)'> (0x000000070ba09bb0) 
thrown [s\open\src\hotspot\share\interpreter\linkResolver.cpp, line 804]
Event: 437.444 Thread 0x00000292c09e78e0 Exception <a 'java/lang/NoSuchMethodError'{0x0000000709c9f6c0}: 'int java.lang.invoke.DirectMethodHandle$Holder.invokeStatic(java.lang.Object, int, int, int, int)'> (0x0000000709c9f6c0) 
thrown [s\open\src\hotspot\share\interpreter\linkResolver.cpp, line 804]
Event: 439.036 Thread 0x00000292c09e78e0 Exception <a 'java/lang/NoSuchMethodError'{0x0000000711ce0a88}: 'java.lang.Object java.lang.invoke.DirectMethodHandle$Holder.invokeStatic(java.lang.Object, int, int)'> (0x0000000711ce0a88) 
thrown [s\open\src\hotspot\share\interpreter\linkResolver.cpp, line 804]
Event: 439.079 Thread 0x00000292c09e78e0 Exception <a 'java/lang/NoSuchMethodError'{0x00000007114bde98}: 'void java.lang.invoke.DirectMethodHandle$Holder.invokeVirtual(java.lang.Object, java.lang.Object, java.lang.Object, java.lang.Object, java.lang.Object, java.lang.Object)'> (0x00000007114bde98) 
thrown [s\open\src\hotspot\share\interpreter\linkResolver.cpp, line 804]
Event: 439.079 Thread 0x00000292c09e78e0 Exception <a 'java/lang/NoSuchMethodError'{0x00000007114c6fb0}: 'void java.lang.invoke.DelegatingMethodHandle$Holder.reinvoke_L(java.lang.Object, java.lang.Object, java.lang.Object, java.lang.Object, java.lang.Object, java.lang.Object)'> (0x00000007114c6fb0) 
thrown [s\open\src\hotspot\share\interpreter\linkResolver.cpp, line 804]
Event: 439.084 Thread 0x00000292c09e78e0 Exception <a 'java/lang/NoSuchMethodError'{0x00000007115aa390}: 'int java.lang.invoke.DirectMethodHandle$Holder.invokeStatic(java.lang.Object, java.lang.Object, int, int)'> (0x00000007115aa390) 
thrown [s\open\src\hotspot\share\interpreter\linkResolver.cpp, line 804]
Event: 454.815 Thread 0x00000292bf428e50 Exception <a 'java/lang/NoSuchMethodError'{0x000000070a4bfed8}: 'long java.lang.invoke.DelegatingMethodHandle$Holder.reinvoke_L(java.lang.Object, java.lang.Object)'> (0x000000070a4bfed8) 
thrown [s\open\src\hotspot\share\interpreter\linkResolver.cpp, line 804]

VM Operations (20 events):
Event: 343.016 Executing safepoint VM operation: G1PauseRemark done
Event: 343.030 Executing safepoint VM operation: G1PauseCleanup
Event: 343.030 Executing safepoint VM operation: G1PauseCleanup done
Event: 360.798 Executing non-safepoint VM operation: HandshakeAllThreads (HandshakeForDeflation)
Event: 360.798 Executing non-safepoint VM operation: HandshakeAllThreads (HandshakeForDeflation) done
Event: 360.798 Executing non-safepoint VM operation: RendezvousGCThreads
Event: 360.798 Executing non-safepoint VM operation: RendezvousGCThreads done
Event: 420.917 Executing non-safepoint VM operation: HandshakeAllThreads (HandshakeForDeflation)
Event: 420.917 Executing non-safepoint VM operation: HandshakeAllThreads (HandshakeForDeflation) done
Event: 420.917 Executing non-safepoint VM operation: RendezvousGCThreads
Event: 420.917 Executing non-safepoint VM operation: RendezvousGCThreads done
Event: 437.359 Executing non-safepoint VM operation: HandshakeAllThreads (Deoptimize)
Event: 437.359 Executing non-safepoint VM operation: HandshakeAllThreads (Deoptimize) done
Event: 437.770 Executing non-safepoint VM operation: HandshakeAllThreads (Deoptimize)
Event: 437.770 Executing non-safepoint VM operation: HandshakeAllThreads (Deoptimize) done
Event: 437.834 Executing safepoint VM operation: G1CollectForAllocation (G1 Evacuation Pause)
Event: 437.840 Executing safepoint VM operation: G1CollectForAllocation (G1 Evacuation Pause) done
Event: 439.075 Executing non-safepoint VM operation: HandshakeAllThreads (Deoptimize)
Event: 439.075 Executing non-safepoint VM operation: HandshakeAllThreads (Deoptimize) done
Event: 459.975 Executing safepoint VM operation: G1CollectForAllocation (G1 Evacuation Pause)

Memory protections (0 events):
No events

Nmethod flushes (20 events):
Event: 343.014 Thread 0x00000292b7e84400 flushing  nmethod 0x00000292ae0db508
Event: 343.014 Thread 0x00000292b7e84400 flushing  nmethod 0x00000292ae0dbf08
Event: 343.014 Thread 0x00000292b7e84400 flushing  nmethod 0x00000292ae0dc888
Event: 343.014 Thread 0x00000292b7e84400 flushing  nmethod 0x00000292ae0dd588
Event: 343.014 Thread 0x00000292b7e84400 flushing  nmethod 0x00000292ae11f388
Event: 343.014 Thread 0x00000292b7e84400 flushing  nmethod 0x00000292ae11f688
Event: 343.014 Thread 0x00000292b7e84400 flushing  nmethod 0x00000292ae120588
Event: 343.014 Thread 0x00000292b7e84400 flushing  nmethod 0x00000292ae129f88
Event: 343.014 Thread 0x00000292b7e84400 flushing  nmethod 0x00000292ae12a288
Event: 343.014 Thread 0x00000292b7e84400 flushing  nmethod 0x00000292ae12ae88
Event: 343.014 Thread 0x00000292b7e84400 flushing  nmethod 0x00000292ae12b188
Event: 343.014 Thread 0x00000292b7e84400 flushing  nmethod 0x00000292ae12bc08
Event: 343.014 Thread 0x00000292b7e84400 flushing  nmethod 0x00000292ae12c608
Event: 343.014 Thread 0x00000292b7e84400 flushing  nmethod 0x00000292ae12cb88
Event: 343.014 Thread 0x00000292b7e84400 flushing  nmethod 0x00000292ae12ce88
Event: 343.014 Thread 0x00000292b7e84400 flushing  nmethod 0x00000292ae12da08
Event: 343.014 Thread 0x00000292b7e84400 flushing  nmethod 0x00000292ae12df88
Event: 343.014 Thread 0x00000292b7e84400 flushing  nmethod 0x00000292ae12e288
Event: 343.014 Thread 0x00000292b7e84400 flushing  nmethod 0x00000292ae12e708
Event: 343.014 Thread 0x00000292b7e84400 flushing  nmethod 0x00000292ae12eb08

Events (20 events):
Event: 423.770 Thread 0x00000292b7e9ec10 Thread added: 0x00000292bd88ee30
Event: 423.770 Thread 0x00000292b7e9ec10 Thread added: 0x00000292bd896f30
Event: 424.836 Thread 0x00000292bd88ee30 Thread exited: 0x00000292bd88ee30
Event: 424.836 Thread 0x00000292bd896f30 Thread exited: 0x00000292bd896f30
Event: 426.865 Thread 0x00000292bd894ef0 Thread exited: 0x00000292bd894ef0
Event: 426.865 Thread 0x00000292bd896720 Thread exited: 0x00000292bd896720
Event: 426.865 Thread 0x00000292bd8946e0 Thread exited: 0x00000292bd8946e0
Event: 426.866 Thread 0x00000292bd893ed0 Thread exited: 0x00000292bd893ed0
Event: 430.885 Thread 0x00000292bd891e90 Thread exited: 0x00000292bd891e90
Event: 435.891 Thread 0x00000292bd892eb0 Thread exited: 0x00000292bd892eb0
Event: 437.795 Thread 0x00000292b7e9ec10 Thread added: 0x00000292bd892eb0
Event: 440.468 Thread 0x00000292bd892eb0 Thread exited: 0x00000292bd892eb0
Event: 453.161 Thread 0x00000292b7e9ec10 Thread added: 0x00000292bd893ed0
Event: 453.255 Thread 0x00000292bd893ed0 Thread added: 0x00000292bd896720
Event: 453.255 Thread 0x00000292bd893ed0 Thread added: 0x00000292bd88ee30
Event: 454.795 Thread 0x00000292bd88ee30 Thread exited: 0x00000292bd88ee30
Event: 454.795 Thread 0x00000292bd896720 Thread exited: 0x00000292bd896720
Event: 459.905 Thread 0x00000292b7e9ec10 Thread added: 0x00000292bd892eb0
Event: 459.905 Thread 0x00000292b7e9ec10 Thread added: 0x00000292bd8936c0
Event: 459.905 Thread 0x00000292bd893ed0 Thread added: 0x00000292bd894ef0


Dynamic libraries:
0x00007ff7e8420000 - 0x00007ff7e8430000 	C:\Program Files\Java\jdk-25\bin\java.exe
0x00007ff9c8e10000 - 0x00007ff9c9028000 	C:\Windows\SYSTEM32\ntdll.dll
0x00007ff9c8000000 - 0x00007ff9c80c4000 	C:\Windows\System32\KERNEL32.DLL
0x00007ff9c60f0000 - 0x00007ff9c64c3000 	C:\Windows\System32\KERNELBASE.dll
0x00007ff9c64d0000 - 0x00007ff9c65e1000 	C:\Windows\System32\ucrtbase.dll
0x00007ff96fde0000 - 0x00007ff96fdfe000 	C:\Program Files\Java\jdk-25\bin\VCRUNTIME140.dll
0x00007ff9815b0000 - 0x00007ff9815c7000 	C:\Program Files\Java\jdk-25\bin\jli.dll
0x00007ff9c89b0000 - 0x00007ff9c8b62000 	C:\Windows\System32\USER32.dll
0x00007ff9a72d0000 - 0x00007ff9a756c000 	C:\Windows\WinSxS\amd64_microsoft.windows.common-controls_6595b64144ccf1df_6.0.22621.6060_none_2712eda17382d24b\COMCTL32.dll
0x00007ff9c60c0000 - 0x00007ff9c60e6000 	C:\Windows\System32\win32u.dll
0x00007ff9c8900000 - 0x00007ff9c89a7000 	C:\Windows\System32\msvcrt.dll
0x00007ff9c7070000 - 0x00007ff9c7099000 	C:\Windows\System32\GDI32.dll
0x00007ff9c5fa0000 - 0x00007ff9c60bb000 	C:\Windows\System32\gdi32full.dll
0x00007ff9c67e0000 - 0x00007ff9c687a000 	C:\Windows\System32\msvcp_win.dll
0x00007ff9c7e80000 - 0x00007ff9c7eb1000 	C:\Windows\System32\IMM32.DLL
0x00007ff9b2b60000 - 0x00007ff9b2b6c000 	C:\Program Files\Java\jdk-25\bin\vcruntime140_1.dll
0x00007ff8cd5c0000 - 0x00007ff8cd64d000 	C:\Program Files\Java\jdk-25\bin\msvcp140.dll
0x00007ff8997b0000 - 0x00007ff89a60f000 	C:\Program Files\Java\jdk-25\bin\server\jvm.dll
0x00007ff9c7270000 - 0x00007ff9c7321000 	C:\Windows\System32\ADVAPI32.dll
0x00007ff9c6eb0000 - 0x00007ff9c6f58000 	C:\Windows\System32\sechost.dll
0x00007ff9c6a80000 - 0x00007ff9c6aa8000 	C:\Windows\System32\bcrypt.dll
0x00007ff9c87e0000 - 0x00007ff9c88f8000 	C:\Windows\System32\RPCRT4.dll
0x00007ff9c8b70000 - 0x00007ff9c8be1000 	C:\Windows\System32\WS2_32.dll
0x00007ff9c4d70000 - 0x00007ff9c4dbd000 	C:\Windows\SYSTEM32\POWRPROF.dll
0x00007ff9b9d90000 - 0x00007ff9b9dc4000 	C:\Windows\SYSTEM32\WINMM.dll
0x00007ff9bd720000 - 0x00007ff9bd72a000 	C:\Windows\SYSTEM32\VERSION.dll
0x00007ff9c4d50000 - 0x00007ff9c4d63000 	C:\Windows\SYSTEM32\UMPDC.dll
0x00007ff9c4ff0000 - 0x00007ff9c5008000 	C:\Windows\SYSTEM32\kernel.appcore.dll
0x00007ff9a6d20000 - 0x00007ff9a6d2a000 	C:\Program Files\Java\jdk-25\bin\jimage.dll
0x00007ff9c3270000 - 0x00007ff9c34a3000 	C:\Windows\SYSTEM32\DBGHELP.DLL
0x00007ff9c6b10000 - 0x00007ff9c6ea1000 	C:\Windows\System32\combase.dll
0x00007ff9c8120000 - 0x00007ff9c81f8000 	C:\Windows\System32\OLEAUT32.dll
0x00007ff9ba230000 - 0x00007ff9ba262000 	C:\Windows\SYSTEM32\dbgcore.DLL
0x00007ff9c5f20000 - 0x00007ff9c5f9b000 	C:\Windows\System32\bcryptPrimitives.dll
0x00007ff9a6c40000 - 0x00007ff9a6c50000 	C:\Program Files\Java\jdk-25\bin\instrument.dll
0x00007ff96fdc0000 - 0x00007ff96fddf000 	C:\Program Files\Java\jdk-25\bin\java.dll
0x00007ff9c7330000 - 0x00007ff9c74d1000 	C:\Windows\System32\ole32.dll
0x00007ff9c7560000 - 0x00007ff9c7dfc000 	C:\Windows\System32\SHELL32.dll
0x00007ff9c6940000 - 0x00007ff9c6a7f000 	C:\Windows\System32\wintypes.dll
0x00007ff9c3de0000 - 0x00007ff9c46fa000 	C:\Windows\SYSTEM32\windows.storage.dll
0x00007ff9c6f60000 - 0x00007ff9c7064000 	C:\Windows\System32\SHCORE.dll
0x00007ff9c8d60000 - 0x00007ff9c8dc9000 	C:\Windows\System32\shlwapi.dll
0x00007ff9c5e50000 - 0x00007ff9c5e75000 	C:\Windows\SYSTEM32\profapi.dll
0x00007ff9694c0000 - 0x00007ff9694d7000 	C:\Program Files\Java\jdk-25\bin\zip.dll
0x00007ff96fda0000 - 0x00007ff96fdb2000 	C:\Program Files\Java\jdk-25\bin\net.dll
0x00007ff9c54d0000 - 0x00007ff9c5539000 	C:\Windows\system32\mswsock.dll
0x00007ff96a470000 - 0x00007ff96a486000 	C:\Program Files\Java\jdk-25\bin\nio.dll
0x00007ff9a2a70000 - 0x00007ff9a2a79000 	C:\Program Files\Java\jdk-25\bin\extnet.dll
0x00007ff9c4a00000 - 0x00007ff9c4af8000 	C:\Windows\SYSTEM32\DNSAPI.dll
0x00007ff9c49d0000 - 0x00007ff9c49fd000 	C:\Windows\SYSTEM32\IPHLPAPI.DLL
0x00007ff9c74e0000 - 0x00007ff9c74e9000 	C:\Windows\System32\NSI.dll
0x00007ff9c2350000 - 0x00007ff9c235a000 	C:\Windows\System32\rasadhlp.dll
0x00007ff9c2360000 - 0x00007ff9c23e4000 	C:\Windows\System32\fwpuclnt.dll
0x00007ff983380000 - 0x00007ff98338a000 	C:\Program Files\Java\jdk-25\bin\management.dll
0x00007ff980d10000 - 0x00007ff980d1c000 	C:\Program Files\Java\jdk-25\bin\management_ext.dll
0x00007ff9c8d50000 - 0x00007ff9c8d58000 	C:\Windows\System32\PSAPI.DLL
0x00007ff9c5720000 - 0x00007ff9c573b000 	C:\Windows\SYSTEM32\CRYPTSP.dll
0x00007ff9c4f50000 - 0x00007ff9c4f87000 	C:\Windows\system32\rsaenh.dll
0x00007ff9c55c0000 - 0x00007ff9c55e8000 	C:\Windows\SYSTEM32\USERENV.dll
0x00007ff9c5740000 - 0x00007ff9c574c000 	C:\Windows\SYSTEM32\CRYPTBASE.dll
0x00007ff992550000 - 0x00007ff992567000 	C:\Windows\system32\napinsp.dll
0x00007ff992530000 - 0x00007ff99254b000 	C:\Windows\system32\pnrpnsp.dll
0x00007ff992430000 - 0x00007ff992441000 	C:\Windows\System32\winrnr.dll
0x00007ff992410000 - 0x00007ff992425000 	C:\Windows\system32\wshbth.dll
0x00007ff9923e0000 - 0x00007ff992401000 	C:\Windows\system32\nlansp_c.dll
0x00007ff9a1b80000 - 0x00007ff9a1bd0000 	C:\Windows\SYSTEM32\pdh.dll
0x00007ff992d50000 - 0x00007ff992d61000 	C:\Windows\System32\perfproc.dll
0x00007ff9a53d0000 - 0x00007ff9a53de000 	C:\Program Files\Java\jdk-25\bin\sunmscapi.dll
0x00007ff9c65f0000 - 0x00007ff9c6758000 	C:\Windows\System32\CRYPT32.dll
0x00007ff9c58c0000 - 0x00007ff9c58ee000 	C:\Windows\SYSTEM32\ncrypt.dll
0x00007ff9c5880000 - 0x00007ff9c58b7000 	C:\Windows\SYSTEM32\NTASN1.dll
0x00007ff974fe0000 - 0x00007ff974ff0000 	C:\Program Files\Java\jdk-25\bin\verify.dll
0x00007ff982720000 - 0x00007ff982728000 	C:\Windows\system32\wshunix.dll

JVMTI agents:
C:\Program Files\JetBrains\IntelliJ IDEA 2025.2.1\lib\idea_rt.jar path:C:\Program Files\Java\jdk-25\bin\instrument.dll, loaded, initialized, instrumentlib options:57644

dbghelp: loaded successfully - version: 4.0.5 - missing functions: none
symbol engine: initialized successfully - sym options: 0x614 - pdb path: .;C:\Program Files\Java\jdk-25\bin;C:\Windows\SYSTEM32;C:\Windows\WinSxS\amd64_microsoft.windows.common-controls_6595b64144ccf1df_6.0.22621.6060_none_2712eda17382d24b;C:\Program Files\Java\jdk-25\bin\server

VM Arguments:
jvm_args: -XX:TieredStopAtLevel=1 -Dspring.output.ansi.enabled=always -Dcom.sun.management.jmxremote -Dspring.jmx.enabled=true -Dspring.liveBeansView.mbeanDomain -Dspring.application.admin.enabled=true -Dmanagement.endpoints.jmx.exposure.include=* -javaagent:C:\Program Files\JetBrains\IntelliJ IDEA 2025.2.1\lib\idea_rt.jar=57644 -Dfile.encoding=UTF-8 -Dsun.stdout.encoding=UTF-8 -Dsun.stderr.encoding=UTF-8 
java_command: com.tugnw.aistudy.AiStudyHubBeApplication
java_class_path (initial): D:\Semester7\SWP\repo4SWP\ai-study-hub-be\target\classes;C:\Users\ZhuanZ\.m2\repository\org\springframework\boot\spring-boot-starter-web\3.4.5\spring-boot-starter-web-3.4.5.jar;C:\Users\ZhuanZ\.m2\repository\org\springframework\boot\spring-boot-starter\3.4.5\spring-boot-starter-3.4.5.jar;C:\Users\ZhuanZ\.m2\repository\org\springframework\boot\spring-boot\3.4.5\spring-boot-3.4.5.jar;C:\Users\ZhuanZ\.m2\repository\org\springframework\boot\spring-boot-autoconfigure\3.4.5\spring-boot-autoconfigure-3.4.5.jar;C:\Users\ZhuanZ\.m2\repository\org\springframework\boot\spring-boot-starter-logging\3.4.5\spring-boot-starter-logging-3.4.5.jar;C:\Users\ZhuanZ\.m2\repository\ch\qos\logback\logback-classic\1.5.18\logback-classic-1.5.18.jar;C:\Users\ZhuanZ\.m2\repository\ch\qos\logback\logback-core\1.5.18\logback-core-1.5.18.jar;C:\Users\ZhuanZ\.m2\repository\org\apache\logging\log4j\log4j-to-slf4j\2.24.3\log4j-to-slf4j-2.24.3.jar;C:\Users\ZhuanZ\.m2\repository\org\slf4j\jul-to-slf4j\2.0.17\jul-to-slf4j-2.0.17.jar;C:\Users\ZhuanZ\.m2\repository\jakarta\annotation\jakarta.annotation-api\2.1.1\jakarta.annotation-api-2.1.1.jar;C:\Users\ZhuanZ\.m2\repository\org\yaml\snakeyaml\2.3\snakeyaml-2.3.jar;C:\Users\ZhuanZ\.m2\repository\org\springframework\boot\spring-boot-starter-json\3.4.5\spring-boot-starter-json-3.4.5.jar;C:\Users\ZhuanZ\.m2\repository\com\fasterxml\jackson\datatype\jackson-datatype-jdk8\2.18.3\jackson-datatype-jdk8-2.18.3.jar;C:\Users\ZhuanZ\.m2\repository\com\fasterxml\jackson\module\jackson-module-parameter-names\2.18.3\jackson-module-parameter-names-2.18.3.jar;C:\Users\ZhuanZ\.m2\repository\org\springframework\boot\spring-boot-starter-tomcat\3.4.5\spring-boot-starter-tomcat-3.4.5.jar;C:\Users\ZhuanZ\.m2\repository\org\apache\tomcat\embed\tomcat-embed-core\10.1.40\tomcat-embed-core-10.1.40.jar;C:\Users\ZhuanZ\.m2\repository\org\apache\tomcat\embed\tomcat-embed-websocket\10.1.40\tomcat-embed-websocket-10.1.40.jar;C:\Users\ZhuanZ\.m2\repository\org\springframework\spring-web\6.2.6\spring-web-6.2.6.jar;C:\Users\ZhuanZ\.m2\repository\org\springframework\spring-beans\6.2.6\spring-beans-6.2.6.jar;C:\Users\ZhuanZ\.m2\repository\io\micrometer\micrometer-observation\1.14.6\micrometer-observation-1.14.6.jar;C:\Users\ZhuanZ\.m2\repository\io\micrometer\micrometer-commons\1.14.6\micrometer-commons-1.14.6.jar;C:\Users\ZhuanZ\.m2\repository\org\springframework\spring-webmvc\6.2.6\spring-webmvc-6.2.6.jar;C:\Users\ZhuanZ\.m2\repository\org\springframework\spring-context\6.2.6\spring-context-6.2.6.jar;C:\Users\ZhuanZ\.m2\repository\org\springframework\spring-expression\6.2.6\spring-expression-6.2.6.jar;C:\Users\ZhuanZ\.m2\repository\org\springframework\boot\spring-boot-starter-security\3.4.5\spring-boot-starter-security-3.4.5.jar;C:\Users\ZhuanZ\.m2\repository\org\springframework\spring-aop\6.2.6\spring-aop-6.2.6.jar;C:\Users\ZhuanZ\.m2\repository\org\springframework\security\spring-security-config\6.4.5\spring-security-config-6.4.5.jar;C:\Users\ZhuanZ\.m2\repository\org\springframework\security\spring-security-web\6.4.5\spring-security-web-6.4.5.jar;C:\Users\ZhuanZ\.m2\repository\org\springframework\boot\spring-boot-starter-mail\3.4.5\spring-boot-starter-mail-3.4.5.jar;C:\Users\ZhuanZ\.m2\repository\org\springframework\spring-context-support\6.2.6\spring-context-support-6.2.6.jar;C:\Users\ZhuanZ\.m2\repository\org\eclipse\angus\jakarta.mail\2.0.3\jakarta.mail-2.0.3.jar;C:\Users\ZhuanZ\.m2\repository\jakarta\activation\jakarta.activation-api\2.1.3\jakarta.activation-api-2.1.3.jar;C:\Users\ZhuanZ\.m2\repository\org\eclipse\angus\angus-activation\2.0.2\angus-activation-2.0.2.jar;C:\Users\ZhuanZ\.m2\repository\org\springframework\boot\spring-boot-starter-data-jpa\3.4.5\spring-boot-starter-data-jpa-3.4.5.jar;C:\Users\ZhuanZ\.m2\repository\org\springframework\boot\spring-boot-starter-jdbc\3.4.5\spring-boot-starter-jdbc-3.4.5.jar;C:\Users\ZhuanZ\.m2\repository\com\zaxxer\HikariCP\5.1.0\HikariCP-5.1.0.jar;C:\Users\ZhuanZ\.m2\repository\org\springframework\spring-jdbc\6.2.6\spring-jdbc-6.2.6.jar;C:\Users\ZhuanZ\.m2\repository\org\hibernate\orm\hibernate-core\6.6.13.Final\hibernate-core-6.6.13.Final.jar;C:\Users\ZhuanZ\.m2\repository\jakarta\persistence\jakarta.persistence-api\3.1.0\jakarta.persistence-api-3.1.0.jar;C:\Users\ZhuanZ\.m2\repository\jakarta\transaction\jakarta.transaction-api\2.0.1\jakarta.transaction-api-2.0.1.jar;C:\Users\ZhuanZ\.m2\repository\org\jboss\logging\jboss-logging\3.6.1.Final\jboss-logging-3.6.1.Final.jar;C:\Users\ZhuanZ\.m2\repository\org\hibernate\common\hibernate-commons-annotations\7.0.3.Final\hibernate-commons-annotations-7.0.3.Final.jar;C:\Users\ZhuanZ\.m2\repository\io\smallrye\jandex\3.2.0\jandex-3.2.0.jar;C:\Users\ZhuanZ\.m2\repository\com\fasterxml\classmate\1.7.0\classmate-1.7.0.jar;C:\Users\ZhuanZ\.m2\repository\net\bytebuddy\byte-buddy\1.15.11\byte-buddy-1.15.11.jar;C:\Users\ZhuanZ\.m2\repository\org\glassfish\jaxb\jaxb-runtime\4.0.5\jaxb-runtime-4.0.5.jar;C:\Users\ZhuanZ\.m2\repository\org\glassfish\jaxb\jaxb-core\4.0.5\jaxb-core-4.0.5.jar;C:\Users\ZhuanZ\.m2\repository\org\glassfish\jaxb\txw2\4.0.5\txw2-4.0.5.jar;C:\Users\ZhuanZ\.m2\repository\com\sun\istack\istack-commons-runtime\4.1.2\istack-commons-runtime-4.1.2.jar;C:\Users\ZhuanZ\.m2\repository\jakarta\inject\jakarta.inject-api\2.0.1\jakarta.inject-api-2.0.1.jar;C:\Users\ZhuanZ\.m2\repository\org\antlr\antlr4-runtime\4.13.0\antlr4-runtime-4.13.0.jar;C:\Users\ZhuanZ\.m2\repository\org\springframework\data\spring-data-jpa\3.4.5\spring-data-jpa-3.4.5.jar;C:\Users\ZhuanZ\.m2\repository\org\springframework\data\spring-data-commons\3.4.5\spring-data-commons-3.4.5.jar;C:\Users\ZhuanZ\.m2\repository\org\springframework\spring-orm\6.2.6\spring-orm-6.2.6.jar;C:\Users\ZhuanZ\.m2\repository\org\springframework\spring-tx\6.2.6\spring-tx-6.2.6.jar;C:\Users\ZhuanZ\.m2\repository\org\springframework\spring-aspects\6.2.6\spring-aspects-6.2.6.jar;C:\Users\ZhuanZ\.m2\repository\org\aspectj\aspectjweaver\1.9.24\aspectjweaver-1.9.24.jar;C:\Users\ZhuanZ\.m2\repository\org\springframework\boot\spring-boot-starter-validation\3.4.5\spring-boot-starter-validation-3.4.5.jar;C:\Users\ZhuanZ\.m2\repository\org\apache\tomcat\embed\tomcat-embed-el\10.1.40\tomcat-embed-el-10.1.40.jar;C:\Users\ZhuanZ\.m2\repository\org\hibernate\validator\hibernate-validator\8.0.2.Final\hibernate-validator-8.0.2.Final.jar;C:\Users\ZhuanZ\.m2\repository\jakarta\validation\jakarta.validation-api\3.0.2\jakarta.validation-api-3.0.2.jar;C:\Users\ZhuanZ\.m2\repository\org\springframework\boot\spring-boot-starter-data-redis\3.4.5\spring-boot-starter-data-redis-3.4.5.jar;C:\Users\ZhuanZ\.m2\repository\io\lettuce\lettuce-core\6.4.2.RELEASE\lettuce-core-6.4.2.RELEASE.jar;C:\Users\ZhuanZ\.m2\repository\io\netty\netty-common\4.1.119.Final\netty-common-4.1.119.Final.jar;C:\Users\ZhuanZ\.m2\repository\io\netty\netty-handler\4.1.119.Final\netty-handler-4.1.119.Final.jar;C:\Users\ZhuanZ\.m2\repository\io\netty\netty-resolver\4.1.119.Final\netty-resolver-4.1.119.Final.jar;C:\Users\ZhuanZ\.m2\repository\io\netty\netty-buffer\4.1.119.Final\netty-buffer-4.1.119.Final.jar;C:\Users\ZhuanZ\.m2\repository\io\netty\netty-transport-native-unix-common\4.1.119.Final\netty-transport-native-unix-common-4.1.119.Final.jar;C:\Users\ZhuanZ\.m2\repository\io\netty\netty-codec\4.1.119.Final\netty-codec-4.1.119.Final.jar;C:\Users\ZhuanZ\.m2\repository\io\netty\netty-transport\4.1.119.Final\netty-transport-4.1.119.Final.jar;C:\Users\ZhuanZ\.m2\repository\io\projectreactor\reactor-core\3.7.5\reactor-core-3.7.5.jar;C:\Users\ZhuanZ\.m2\repository\org\reactivestreams\reactive-streams\1.0.4\reactive-streams-1.0.4.jar;C:\Users\ZhuanZ\.m2\repository\org\springframework\data\spring-data-redis\3.4.5\spring-data-redis-3.4.5.jar;C:\Users\ZhuanZ\.m2\repository\org\springframework\data\spring-data-keyvalue\3.4.5\spring-data-keyvalue-3.4.5.jar;C:\Users\ZhuanZ\.m2\repository\org\springframework\spring-oxm\6.2.6\spring-oxm-6.2.6.jar;C:\Users\ZhuanZ\.m2\repository\org\postgresql\postgresql\42.7.5\postgresql-42.7.5.jar;C:\Users\ZhuanZ\.m2\repository\org\checkerframework\checker-qual\3.48.3\checker-qual-3.48.3.jar;C:\Users\ZhuanZ\.m2\repository\org\flywaydb\flyway-core\10.20.1\flyway-core-10.20.1.jar;C:\Users\ZhuanZ\.m2\repository\com\fasterxml\jackson\dataformat\jackson-dataformat-toml\2.18.3\jackson-dataformat-toml-2.18.3.jar;C:\Users\ZhuanZ\.m2\repository\org\flywaydb\flyway-database-postgresql\10.20.1\flyway-database-postgresql-10.20.1.jar;C:\Users\ZhuanZ\.m2\repository\org\projectlombok\lombok\1.18.38\lombok-1.18.38.jar;C:\Users\ZhuanZ\.m2\repository\com\pgvector\pgvector\0.1.4\pgvector-0.1.4.jar;C:\Users\ZhuanZ\.m2\repository\org\mapstruct\mapstruct\1.6.0.Beta1\mapstruct-1.6.0.Beta1.jar;C:\Users\ZhuanZ\.m2\repository\org\mapstruct\mapstruct-processor\1.6.0.Beta1\mapstruct-processor-1.6.0.Beta1.jar;C:\Users\ZhuanZ\.m2\repository\jakarta\xml\bind\jakarta.xml.bind-api\4.0.2\jakarta.xml.bind-api-4.0.2.jar;C:\Users\ZhuanZ\.m2\repository\net\minidev\json-smart\2.5.2\json-smart-2.5.2.jar;C:\Users\ZhuanZ\.m2\repository\net\minidev\accessors-smart\2.5.2\accessors-smart-2.5.2.jar;C:\Users\ZhuanZ\.m2\repository\org\springframework\spring-core\6.2.6\spring-core-6.2.6.jar;C:\Users\ZhuanZ\.m2\repository\org\springframework\spring-jcl\6.2.6\spring-jcl-6.2.6.jar;C:\Users\ZhuanZ\.m2\repository\org\springframework\security\spring-security-core\6.4.5\spring-security-core-6.4.5.jar;C:\Users\ZhuanZ\.m2\repository\org\springframework\security\spring-security-crypto\6.4.5\spring-security-crypto-6.4.5.jar;C:\Users\ZhuanZ\.m2\repository\org\springdoc\springdoc-openapi-starter-webmvc-ui\2.8.9\springdoc-openapi-starter-webmvc-ui-2.8.9.jar;C:\Users\ZhuanZ\.m2\repository\org\springdoc\springdoc-openapi-starter-webmvc-api\2.8.9\springdoc-openapi-starter-webmvc-api-2.8.9.jar;C:\Users\ZhuanZ\.m2\repository\org\springdoc\springdoc-openapi-starter-common\2.8.9\springdoc-openapi-starter-common-2.8.9.jar;C:\Users\ZhuanZ\.m2\repository\io\swagger\core\v3\swagger-core-jakarta\2.2.30\swagger-core-jakarta-2.2.30.jar;C:\Users\ZhuanZ\.m2\repository\io\swagger\core\v3\swagger-annotations-jakarta\2.2.30\swagger-annotations-jakarta-2.2.30.jar;C:\Users\ZhuanZ\.m2\repository\io\swagger\core\v3\swagger-models-jakarta\2.2.30\swagger-models-jakarta-2.2.30.jar;C:\Users\ZhuanZ\.m2\repository\com\fasterxml\jackson\dataformat\jackson-dataformat-yaml\2.18.3\jackson-dataformat-yaml-2.18.3.jar;C:\Users\ZhuanZ\.m2\repository\org\webjars\swagger-ui\5.21.0\swagger-ui-5.21.0.jar;C:\Users\ZhuanZ\.m2\repository\org\webjars\webjars-locator-lite\1.0.1\webjars-locator-lite-1.0.1.jar;C:\Users\ZhuanZ\.m2\repository\org\jspecify\jspecify\1.0.0\jspecify-1.0.0.jar;C:\Users\ZhuanZ\.m2\repository\vn\payos\payos-java\1.0.0\payos-java-1.0.0.jar;C:\Users\ZhuanZ\.m2\repository\org\apache\httpcomponents\client5\httpclient5\5.4.3\httpclient5-5.4.3.jar;C:\Users\ZhuanZ\.m2\repository\org\apache\httpcomponents\core5\httpcore5-h2\5.3.4\httpcore5-h2-5.3.4.jar;C:\Users\ZhuanZ\.m2\repository\com\fasterxml\jackson\core\jackson-databind\2.18.3\jackson-databind-2.18.3.jar;C:\Users\ZhuanZ\.m2\repository\me\paulschwarz\spring-dotenv\4.0.0\spring-dotenv-4.0.0.jar;C:\Users\ZhuanZ\.m2\repository\io\github\cdimascio\dotenv-java\3.0.0\dotenv-java-3.0.0.jar;C:\Users\ZhuanZ\.m2\repository\io\jsonwebtoken\jjwt-api\0.12.6\jjwt-api-0.12.6.jar;C:\Users\ZhuanZ\.m2\repository\io\jsonwebtoken\jjwt-impl\0.12.6\jjwt-impl-0.12.6.jar;C:\Users\ZhuanZ\.m2\repository\io\jsonwebtoken\jjwt-jackson\0.12.6\jjwt-jackson-0.12.6.jar;C:\Users\ZhuanZ\.m2\repository\commons-codec\commons-codec\1.17.2\commons-codec-1.17.2.jar;C:\Users\ZhuanZ\.m2\repository\org\springframework\boot\spring-boot-starter-oauth2-client\3.4.5\spring-boot-starter-oauth2-client-3.4.5.jar;C:\Users\ZhuanZ\.m2\repository\org\springframework\security\spring-security-oauth2-client\6.4.5\spring-security-oauth2-client-6.4.5.jar;C:\Users\ZhuanZ\.m2\repository\org\springframework\security\spring-security-oauth2-core\6.4.5\spring-security-oauth2-core-6.4.5.jar;C:\Users\ZhuanZ\.m2\repository\com\nimbusds\oauth2-oidc-sdk\9.43.6\oauth2-oidc-sdk-9.43.6.jar;C:\Users\ZhuanZ\.m2\repository\com\github\stephenc\jcip\jcip-annotations\1.0-1\jcip-annotations-1.0-1.jar;C:\Users\ZhuanZ\.m2\repository\com\nimbusds\content-type\2.2\content-type-2.2.jar;C:\Users\ZhuanZ\.m2\repository\com\nimbusds\lang-tag\1.7\lang-tag-1.7.jar;C:\Users\ZhuanZ\.m2\repository\org\springframework\security\spring-security-oauth2-jose\6.4.5\spring-security-oauth2-jose-6.4.5.jar;C:\Users\ZhuanZ\.m2\repository\com\nimbusds\nimbus-jose-jwt\9.37.3\nimbus-jose-jwt-9.37.3.jar;C:\Users\ZhuanZ\.m2\repository\com\fasterxml\jackson\datatype\jackson-datatype-jsr310\2.19.1\jackson-datatype-jsr310-2.19.1.jar;C:\Users\ZhuanZ\.m2\repository\com\fasterxml\jackson\core\jackson-annotations\2.18.3\jackson-annotations-2.18.3.jar;C:\Users\ZhuanZ\.m2\repository\com\fasterxml\jackson\core\jackson-core\2.18.3\jackson-core-2.18.3.jar;C:\Users\ZhuanZ\.m2\repository\com\cloudinary\cloudinary-http5\2.0.0\cloudinary-http5-2.0.0.jar;C:\Users\ZhuanZ\.m2\repository\com\cloudinary\cloudinary-core\2.0.0\cloudinary-core-2.0.0.jar;C:\Users\ZhuanZ\.m2\repository\org\apache\commons\commons-lang3\3.17.0\commons-lang3-3.17.0.jar;C:\Users\ZhuanZ\.m2\repository\org\apache\httpcomponents\core5\httpcore5\5.3.4\httpcore5-5.3.4.jar;C:\Users\ZhuanZ\.m2\repository\org\apache\tika\tika-core\2.9.1\tika-core-2.9.1.jar;C:\Users\ZhuanZ\.m2\repository\org\slf4j\slf4j-api\2.0.17\slf4j-api-2.0.17.jar;C:\Users\ZhuanZ\.m2\repository\commons-io\commons-io\2.14.0\commons-io-2.14.0.jar;C:\Users\ZhuanZ\.m2\repository\org\apache\tika\tika-parsers-standard-package\2.9.1\tika-parsers-standard-package-2.9.1.jar;C:\Users\ZhuanZ\.m2\repository\org\apache\tika\tika-parser-apple-module\2.9.1\tika-parser-apple-module-2.9.1.jar;C:\Users\ZhuanZ\.m2\repository\org\apache\tika\tika-parser-zip-commons\2.9.1\tika-parser-zip-commons-2.9.1.jar;C:\Users\ZhuanZ\.m2\repository\com\googlecode\plist\dd-plist\1.27\dd-plist-1.27.jar;C:\Users\ZhuanZ\.m2\repository\org\apache\tika\tika-parser-audiovideo-module\2.9.1\tika-parser-audiovideo-module-2.9.1.jar;C:\Users\ZhuanZ\.m2\repository\com\drewnoakes\metadata-extractor\2.18.0\metadata-extractor-2.18.0.jar;C:\Users\ZhuanZ\.m2\repository\com\adobe\xmp\xmpcore\6.1.11\xmpcore-6.1.11.jar;C:\Users\ZhuanZ\.m2\repository\org\apache\tika\tika-parser-cad-module\2.9.1\tika-parser-cad-module-2.9.1.jar;C:\Users\ZhuanZ\.m2\repository\org\apache\tika\tika-parser-code-module\2.9.1\tika-parser-code-module-2.9.1.jar;C:\Users\ZhuanZ\.m2\repository\org\codelibs\jhighlight\1.1.0\jhighlight-1.1.0.jar;C:\Users\ZhuanZ\.m2\repository\org\ccil\cowan\tagsoup\tagsoup\1.2.1\tagsoup-1.2.1.jar;C:\Users\ZhuanZ\.m2\repository\org\ow2\asm\asm\9.6\asm-9.6.jar;C:\Users\ZhuanZ\.m2\repository\com\epam\parso\2.0.14\parso-2.0.14.jar;C:\Users\ZhuanZ\.m2\repository\org\tallison\jmatio\1.5\jmatio-1.5.jar;C:\Users\ZhuanZ\.m2\repository\org\apache\tika\tika-parser-crypto-module\2.9.1\tika-parser-crypto-module-2.9.1.jar;C:\Users\ZhuanZ\.m2\repository\org\bouncycastle\bcmail-jdk18on\1.76\bcmail-jdk18on-1.76.jar;C:\Users\ZhuanZ\.m2\repository\org\bouncycastle\bcutil-jdk18on\1.76\bcutil-jdk18on-1.76.jar;C:\Users\ZhuanZ\.m2\repository\org\bouncycastle\bcpkix-jdk18on\1.76\bcpkix-jdk18on-1.76.jar;C:\Users\ZhuanZ\.m2\repository\org\bouncycastle\bcprov-jdk18on\1.76\bcprov-jdk18on-1.76.jar;C:\Users\ZhuanZ\.m2\repository\org\apache\tika\tika-parser-digest-commons\2.9.1\tika-parser-digest-commons-2.9.1.jar;C:\Users\ZhuanZ\.m2\repository\org\apache\tika\tika-parser-font-module\2.9.1\tika-parser-font-module-2.9.1.jar;C:\Users\ZhuanZ\.m2\repository\org\apache\pdfbox\fontbox\2.0.29\fontbox-2.0.29.jar;C:\Users\ZhuanZ\.m2\repository\org\apache\tika\tika-parser-html-module\2.9.1\tika-parser-html-module-2.9.1.jar;C:\Users\ZhuanZ\.m2\repository\org\apache\tika\tika-parser-image-module\2.9.1\tika-parser-image-module-2.9.1.jar;C:\Users\ZhuanZ\.m2\repository\com\github\jai-imageio\jai-imageio-core\1.4.0\jai-imageio-core-1.4.0.jar;C:\Users\ZhuanZ\.m2\repository\org\apache\pdfbox\jbig2-imageio\3.0.4\jbig2-imageio-3.0.4.jar;C:\Users\ZhuanZ\.m2\repository\org\apache\tika\tika-parser-mail-module\2.9.1\tika-parser-mail-module-2.9.1.jar;C:\Users\ZhuanZ\.m2\repository\org\apache\tika\tika-parser-mail-commons\2.9.1\tika-parser-mail-commons-2.9.1.jar;C:\Users\ZhuanZ\.m2\repository\org\apache\james\apache-mime4j-core\0.8.9\apache-mime4j-core-0.8.9.jar;C:\Users\ZhuanZ\.m2\repository\org\apache\james\apache-mime4j-dom\0.8.9\apache-mime4j-dom-0.8.9.jar;C:\Users\ZhuanZ\.m2\repository\org\apache\tika\tika-parser-microsoft-module\2.9.1\tika-parser-microsoft-module-2.9.1.jar;C:\Users\ZhuanZ\.m2\repository\com\pff\java-libpst\0.9.3\java-libpst-0.9.3.jar;C:\Users\ZhuanZ\.m2\repository\org\apache\poi\poi\5.2.3\poi-5.2.3.jar;C:\Users\ZhuanZ\.m2\repository\org\apache\commons\commons-math3\3.6.1\commons-math3-3.6.1.jar;C:\Users\ZhuanZ\.m2\repository\com\zaxxer\SparseBitSet\1.2\SparseBitSet-1.2.jar;C:\Users\ZhuanZ\.m2\repository\org\apache\logging\log4j\log4j-api\2.24.3\log4j-api-2.24.3.jar;C:\Users\ZhuanZ\.m2\repository\org\apache\poi\poi-scratchpad\5.2.3\poi-scratchpad-5.2.3.jar;C:\Users\ZhuanZ\.m2\repository\org\apache\poi\poi-ooxml\5.2.3\poi-ooxml-5.2.3.jar;C:\Users\ZhuanZ\.m2\repository\org\apache\poi\poi-ooxml-lite\5.2.3\poi-ooxml-lite-5.2.3.jar;C:\Users\ZhuanZ\.m2\repository\org\apache\xmlbeans\xmlbeans\5.1.1\xmlbeans-5.1.1.jar;C:\Users\ZhuanZ\.m2\repository\com\github\virtuald\curvesapi\1.07\curvesapi-1.07.jar;C:\Users\ZhuanZ\.m2\repository\commons-logging\commons-logging\1.2\commons-logging-1.2.jar;C:\Users\ZhuanZ\.m2\repository\com\healthmarketscience\jackcess\jackcess\4.0.5\jackcess-4.0.5.jar;C:\Users\ZhuanZ\.m2\repository\com\healthmarketscience\jackcess\jackcess-encrypt\4.0.2\jackcess-encrypt-4.0.2.jar;C:\Users\ZhuanZ\.m2\repository\org\slf4j\jcl-over-slf4j\2.0.17\jcl-over-slf4j-2.0.17.jar;C:\Users\ZhuanZ\.m2\repository\org\apache\tika\tika-parser-miscoffice-module\2.9.1\tika-parser-miscoffice-module-2.9.1.jar;C:\Users\ZhuanZ\.m2\repository\org\apache\commons\commons-collections4\4.4\commons-collections4-4.4.jar;C:\Users\ZhuanZ\.m2\repository\org\apache\tika\tika-parser-news-module\2.9.1\tika-parser-news-module-2.9.1.jar;C:\Users\ZhuanZ\.m2\repository\com\rometools\rome\2.1.0\rome-2.1.0.jar;C:\Users\ZhuanZ\.m2\repository\com\rometools\rome-utils\2.1.0\rome-utils-2.1.0.jar;C:\Users\ZhuanZ\.m2\repository\org\jdom\jdom2\2.0.6.1\jdom2-2.0.6.1.jar;C:\Users\ZhuanZ\.m2\repository\org\apache\tika\tika-parser-ocr-module\2.9.1\tika-parser-ocr-module-2.9.1.jar;C:\Users\ZhuanZ\.m2\repository\org\apache\commons\commons-exec\1.3\commons-exec-1.3.jar;C:\Users\ZhuanZ\.m2\repository\org\apache\tika\tika-parser-pdf-module\2.9.1\tika-parser-pdf-module-2.9.1.jar;C:\Users\ZhuanZ\.m2\repository\org\apache\pdfbox\pdfbox\2.0.29\pdfbox-2.0.29.jar;C:\Users\ZhuanZ\.m2\repository\org\apache\pdfbox\pdfbox-tools\2.0.29\pdfbox-tools-2.0.29.jar;C:\Users\ZhuanZ\.m2\repository\org\apache\pdfbox\jempbox\1.8.17\jempbox-1.8.17.jar;C:\Users\ZhuanZ\.m2\repository\org\apache\tika\tika-parser-pkg-module\2.9.1\tika-parser-pkg-module-2.9.1.jar;C:\Users\ZhuanZ\.m2\repository\org\tukaani\xz\1.9\xz-1.9.jar;C:\Users\ZhuanZ\.m2\repository\org\brotli\dec\0.1.2\dec-0.1.2.jar;C:\Users\ZhuanZ\.m2\repository\com\github\junrar\junrar\7.5.5\junrar-7.5.5.jar;C:\Users\ZhuanZ\.m2\repository\org\apache\tika\tika-parser-text-module\2.9.1\tika-parser-text-module-2.9.1.jar;C:\Users\ZhuanZ\.m2\repository\com\github\albfernandez\juniversalchardet\2.4.0\juniversalchardet-2.4.0.jar;C:\Users\ZhuanZ\.m2\repository\org\apache\commons\commons-csv\1.10.0\commons-csv-1.10.0.jar;C:\Users\ZhuanZ\.m2\repository\org\apache\tika\tika-parser-webarchive-module\2.9.1\tika-parser-webarchive-module-2.9.1.jar;C:\Users\ZhuanZ\.m2\repository\org\netpreserve\jwarc\0.28.3\jwarc-0.28.3.jar;C:\Users\ZhuanZ\.m2\repository\org\apache\commons\commons-compress\1.24.0\commons-compress-1.24.0.jar;C:\Users\ZhuanZ\.m2\repository\org\apache\tika\tika-parser-xml-module\2.9.1\tika-parser-xml-module-2.9.1.jar;C:\Users\ZhuanZ\.m2\repository\xerces\xercesImpl\2.12.2\xercesImpl-2.12.2.jar;C:\Users\ZhuanZ\.m2\repository\xml-apis\xml-apis\1.4.01\xml-apis-1.4.01.jar;C:\Users\ZhuanZ\.m2\repository\org\apache\tika\tika-parser-xmp-commons\2.9.1\tika-parser-xmp-commons-2.9.1.jar;C:\Users\ZhuanZ\.m2\repository\org\apache\pdfbox\xmpbox\2.0.29\xmpbox-2.0.29.jar;C:\Users\ZhuanZ\.m2\repository\org\gagravarr\vorbis-java-tika\0.8\vorbis-java-tika-0.8.jar;C:\Users\ZhuanZ\.m2\repository\org\gagravarr\vorbis-java-core\0.8\vorbis-java-core-0.8.jar
Launcher Type: SUN_STANDARD

[Global flags]
     intx CICompilerCount                          = 12                                        {product} {ergonomic}
     uint ConcGCThreads                            = 3                                         {product} {ergonomic}
     uint G1ConcRefinementThreads                  = 13                                        {product} {ergonomic}
   size_t G1HeapRegionSize                         = 2097152                                   {product} {ergonomic}
   size_t InitialHeapSize                          = 264241152                                 {product} {ergonomic}
     bool ManagementServer                         = true                                      {product} {command line}
   size_t MarkStackSize                            = 4194304                                   {product} {ergonomic}
   size_t MarkStackSizeMax                         = 536870912                                 {product} {ergonomic}
   size_t MaxHeapSize                              = 4211081216                                {product} {ergonomic}
   size_t MaxNewSize                               = 2524971008                                {product} {ergonomic}
   size_t MinHeapDeltaBytes                        = 2097152                                   {product} {ergonomic}
   size_t MinHeapSize                              = 8388608                                   {product} {ergonomic}
    uintx NonNMethodCodeHeapSize                   = 4096                                   {pd product} {ergonomic}
    uintx NonProfiledCodeHeapSize                  = 0                                      {pd product} {ergonomic}
     bool ProfileInterpreter                       = false                                  {pd product} {command line}
    uintx ProfiledCodeHeapSize                     = 0                                      {pd product} {ergonomic}
   size_t SoftMaxHeapSize                          = 4211081216                             {manageable} {ergonomic}
     intx TieredStopAtLevel                        = 1                                         {product} {command line}
     bool UseCompressedOops                        = true                           {product lp64_product} {ergonomic}
     bool UseG1GC                                  = true                                      {product} {ergonomic}
     bool UseLargePagesIndividualAllocation        = false                                  {pd product} {ergonomic}

Logging:
Log output configuration:
 #0: stdout all=warning uptime,level,tags foldmultilines=false
 #1: stderr all=off uptime,level,tags foldmultilines=false

Release file:
IMPLEMENTOR="Oracle Corporation" 
JAVA_RUNTIME_VERSION="25+37-LTS-3491" 
JAVA_VERSION="25" 
JAVA_VERSION_DATE="2025-09-16" 
LIBC="default" 
MODULES="java.base java.compiler java.datatransfer java.xml java.prefs java.desktop java.instrument java.logging java.management java.security.sasl java.naming java.rmi java.management.rmi java.net.http java.scripting java.security.jgss java.transaction.xa java.sql java.sql.rowset java.xml.crypto java.se java.smartcardio jdk.accessibility jdk.internal.jvmstat jdk.attach jdk.charsets jdk.internal.opt jdk.zipfs jdk.compiler jdk.crypto.cryptoki jdk.crypto.ec jdk.crypto.mscapi jdk.dynalink jdk.internal.ed jdk.editpad jdk.internal.vm.ci jdk.graal.compiler jdk.graal.compiler.management jdk.hotspot.agent jdk.httpserver jdk.incubator.vector jdk.internal.le jdk.internal.md jdk.jartool jdk.javadoc jdk.jcmd jdk.management jdk.management.agent jdk.jconsole jdk.jdeps jdk.jdwp.agent jdk.jdi jdk.jfr jdk.jlink jdk.jpackage jdk.jshell jdk.jsobject jdk.jstatd jdk.localedata jdk.management.jfr jdk.naming.dns jdk.naming.rmi jdk.net jdk.nio.mapmode jdk.sctp jdk.security.auth jdk.security.jgss jdk.unsupported jdk.unsupported.desktop jdk.xml.dom" 
OS_ARCH="x86_64" 
OS_NAME="Windows" 
SOURCE=".:git:49d6a23b8806 open:git:6c48f4ed707b" 

Environment Variables:
JAVA_HOME=C:\Program Files\Java\jdk-21
PATH=C:\Program Files\Common Files\Oracle\Java\javapath;C:\Windows\system32;C:\Windows;C:\Windows\System32\Wbem;C:\Windows\System32\WindowsPowerShell\v1.0\;C:\Windows\System32\OpenSSH\;C:\Program Files (x86)\Microsoft SQL Server\160\Tools\Binn\;C:\Program Files\Microsoft SQL Server\160\Tools\Binn\;C:\Program Files\Microsoft SQL Server\Client SDK\ODBC\170\Tools\Binn\;C:\Program Files\Microsoft SQL Server\160\DTS\Binn\;C:\Program Files (x86)\Microsoft SQL Server\160\DTS\Binn\;C:\Program Files\dotnet\;C:\Program Files\NVIDIA Corporation\NVIDIA App\NvDLISR;C:\Program Files (x86)\NVIDIA Corporation\PhysX\Common;C:\Program Files\Process Lasso\;C:\Program Files\Git\cmd;C:\Program Files\Java\jdk-21\BIN;C:\Program Files\apache-maven-3.9.11\BIN;C:\Program Files\Microsoft SQL Server\150\Tools\Binn\;C:\Program Files\nodejs\;C:\Program Files\Cloudflare\Cloudflare WARP\;C:\Program Files\Docker\Docker\resources\bin;C:\Users\ZhuanZ\AppData\Local\codegraph\current\bin;C:\Users\ZhuanZ\AppData\Local\Programs\Python\Python314\Scripts\;C:\Users\ZhuanZ\AppData\Local\Programs\Python\Python314\;C:\Users\ZhuanZ\AppData\Local\Programs\Python\Launcher\;C:\Users\ZhuanZ\.local\bin;C:\Users\ZhuanZ\AppData\Local\Microsoft\WindowsApps;C:\Users\ZhuanZ\AppData\Local\GitHubDesktop\bin;C:\Users\ZhuanZ\AppData\Local\Programs\Microsoft VS Code\bin;C:\Program Files\JetBrains\IntelliJ IDEA 2025.2.1\bin;C:\Users\ZhuanZ\.dotnet\tools;C:\Users\ZhuanZ\AppData\Roaming\npm;C:\Users\ZhuanZ\AppData\Local\JetBrains\Toolbox\scripts;C:\Users\ZhuanZ\AppData\Local\Programs\Antigravity\bin;C:\Users\ZhuanZ\AppData\Local\Programs\Kiro\bin;C:\Users\ZhuanZ\AppData\Local\Programs\cursor\resources\app\bin;C:\Users\ZhuanZ\AppData\Local\Programs\Antigravity IDE\bin
USERNAME=ZhuanZ£®Œﬁ√‹¬Î£©
OS=Windows_NT
PROCESSOR_IDENTIFIER=Intel64 Family 6 Model 141 Stepping 1, GenuineIntel
TMP=C:\Users\ZhuanZ\AppData\Local\Temp
TEMP=C:\Users\ZhuanZ\AppData\Local\Temp




Compilation memory statistics disabled.

Periodic native trim disabled

---------------  S Y S T E M  ---------------

OS:
 Windows 11 , 64 bit Build 22621 (10.0.22621.5415)
OS uptime: 0 days 22:59 hours
Hyper-V role detected

CPU: total 16 (initial active 16) (8 cores per cpu, 2 threads per core) family 6 model 141 stepping 1 microcode 0x3e, cx8, cmov, fxsr, ht, mmx, 3dnowpref, sse, sse2, sse3, ssse3, sse4.1, sse4.2, popcnt, lzcnt, tsc, tscinvbit, avx, avx2, aes, erms, clmul, bmi1, bmi2, adx, avx512f, avx512dq, avx512cd, avx512bw, avx512vl, sha, fma, vzeroupper, avx512_vpopcntdq, avx512_vpclmulqdq, avx512_vaes, avx512_vnni, clflush, clflushopt, clwb, avx512_vbmi2, avx512_vbmi, hv, rdtscp, rdpid, fsrm, gfni, avx512_bitalg, f16c, cet_ibt, cet_ss, avx512_ifma
Processor Information for the first 16 processors :
  Max Mhz: 2304, Current Mhz: 2304, Mhz Limit: 2304

Memory: 4k page, system-wide physical 16061M (535M free)
TotalPageFile size 34992M (AvailPageFile size 7M)
current process WorkingSet (physical memory assigned to process): 368M, peak: 368M
current process commit charge ("private bytes"): 420M, peak: 421M

vm_info: Java HotSpot(TM) 64-Bit Server VM (25+37-LTS-3491) for windows-amd64 JRE (25+37-LTS-3491), built on 2025-08-14T21:13:00Z with unknown MS VC++:1943

END.
